Component: ARM Compiler 5.06 (build 20) Tool: armlink [4d35a3]

==============================================================================

Section Cross References

    system_stm32f10x.o(.text) refers to system_stm32f10x.o(.data) for SystemCoreClock
    startup_stm32f10x_md.o(STACK) refers (Special) to heapauxi.o(.text) for __use_two_region_memory
    startup_stm32f10x_md.o(HEAP) refers (Special) to heapauxi.o(.text) for __use_two_region_memory
    startup_stm32f10x_md.o(RESET) refers (Special) to heapauxi.o(.text) for __use_two_region_memory
    startup_stm32f10x_md.o(RESET) refers to startup_stm32f10x_md.o(STACK) for __initial_sp
    startup_stm32f10x_md.o(RESET) refers to startup_stm32f10x_md.o(.text) for Reset_Handler
    startup_stm32f10x_md.o(RESET) refers to stm32f10x_it.o(.text) for NMI_Handler
    startup_stm32f10x_md.o(RESET) refers to key.o(.text) for EXTI3_IRQHandler
    startup_stm32f10x_md.o(RESET) refers to tim.o(.text) for TIM4_IRQHandler
    startup_stm32f10x_md.o(RESET) refers to uart1.o(.text) for USART1_IRQHandler
    startup_stm32f10x_md.o(.text) refers (Special) to heapauxi.o(.text) for __use_two_region_memory
    startup_stm32f10x_md.o(.text) refers to system_stm32f10x.o(.text) for SystemInit
    startup_stm32f10x_md.o(.text) refers to __main.o(!!!main) for __main
    startup_stm32f10x_md.o(.text) refers to startup_stm32f10x_md.o(HEAP) for Heap_Mem
    startup_stm32f10x_md.o(.text) refers to startup_stm32f10x_md.o(STACK) for Stack_Mem
    delay.o(.text) refers to stm32f10x_it.o(.text) for micros
    tim.o(.text) refers to stm32f10x_tim.o(.text) for TIM_GetITStatus
    tim.o(.text) refers to stm32f10x_rcc.o(.text) for RCC_APB1PeriphClockCmd
    tim.o(.text) refers to misc.o(.text) for NVIC_PriorityGroupConfig
    tim.o(.text) refers to tim.o(.data) for flag10Hzcnt
    nrf24l01.o(.text) refers to stm32f10x_gpio.o(.text) for GPIO_ResetBits
    nrf24l01.o(.text) refers to spi.o(.text) for SPI_RW
    nrf24l01.o(.text) refers to nrf24l01.o(.data) for TX_ADDRESS
    stmflash.o(.text) refers to delay.o(.text) for delay_us
    stmflash.o(.text) refers to stmflash.o(.bss) for STMFLASH_BUF
    uart1.o(.text) refers (Special) to use_no_semi_2.o(.text) for __use_no_semihosting
    uart1.o(.text) refers to misc.o(.text) for NVIC_Init
    uart1.o(.text) refers to fflt_clz.o(x$fpl$ffltu) for __aeabi_ui2f
    uart1.o(.text) refers to fdiv.o(x$fpl$fdiv) for __aeabi_fdiv
    uart1.o(.text) refers to ffixu.o(x$fpl$ffixu) for __aeabi_f2uiz
    uart1.o(.text) refers to faddsub_clz.o(x$fpl$frsb) for __aeabi_frsub
    uart1.o(.text) refers to fmul.o(x$fpl$fmul) for __aeabi_fmul
    uart1.o(.text) refers to stm32f10x_usart.o(.text) for USART_ITConfig
    uart1.o(.text) refers to nrf24l01.o(.text) for SetTX_Mode
    uart1.o(.text) refers to stm32f10x_it.o(.text) for micros
    uart1.o(.text) refers to configtable.o(.text) for SaveParamsToEEPROM
    uart1.o(.text) refers to stm32f10x_gpio.o(.text) for GPIO_SetBits
    uart1.o(.text) refers to uart1.o(.bss) for UartTxbuf
    uart1.o(.text) refers to uart1.o(.data) for Udatatmp
    uart1.o(.text) refers to nrf24l01.o(.data) for TX_ADDRESS
    uart1.o(.text) refers to commuav.o(.data) for remoteData
    uart1.o(.bss) refers (Special) to use_no_semi_2.o(.text) for __use_no_semihosting
    uart1.o(.data) refers (Special) to use_no_semi_2.o(.text) for __use_no_semihosting
    adc.o(.text) refers to fflt_clz.o(x$fpl$ffltu) for __aeabi_ui2f
    adc.o(.text) refers to f2d.o(x$fpl$f2d) for __aeabi_f2d
    adc.o(.text) refers to dmul.o(x$fpl$dmul) for __aeabi_dmul
    adc.o(.text) refers to d2f.o(x$fpl$d2f) for __aeabi_d2f
    adc.o(.text) refers to daddsub_clz.o(x$fpl$drsb) for __aeabi_drsub
    adc.o(.text) refers to ddiv.o(x$fpl$ddiv) for __aeabi_ddiv
    adc.o(.text) refers to daddsub_clz.o(x$fpl$dadd) for __aeabi_dadd
    adc.o(.text) refers to fmul.o(x$fpl$fmul) for __aeabi_fmul
    adc.o(.text) refers to ffix.o(x$fpl$ffix) for __aeabi_f2iz
    key.o(.text) refers to stm32f10x_exti.o(.text) for EXTI_GetITStatus
    key.o(.text) refers to stm32f10x_gpio.o(.text) for GPIO_ReadInputDataBit
    key.o(.text) refers to nrf24l01.o(.text) for SetTX_Mode
    key.o(.text) refers to key.o(.data) for armKeyFlag
    key.o(.text) refers to commuav.o(.data) for remoteData
    key.o(.text) refers to uart1.o(.data) for modifyOnceFlag
    spi.o(.text) refers to stm32f10x_rcc.o(.text) for RCC_APB2PeriphClockCmd
    spi.o(.text) refers to stm32f10x_gpio.o(.text) for GPIO_Init
    spi.o(.text) refers to stm32f10x_spi.o(.text) for SPI_Init
    initio.o(.text) refers to stm32f10x_gpio.o(.text) for GPIO_PinRemapConfig
    initio.o(.text) refers to misc.o(.text) for NVIC_Init
    initio.o(.text) refers to stm32f10x_exti.o(.text) for EXTI_Init
    initio.o(.text) refers to stm32f10x_rcc.o(.text) for RCC_APB2PeriphClockCmd
    initio.o(.text) refers to initio.o(.data) for GPIO_InitStructure
[...]
    ../fplib/f2d.s                           0x00000000   Number         0  f2d.o ABSOLUTE
    ../fplib/faddsub.s                       0x00000000   Number         0  faddsub_clz.o ABSOLUTE
    ../fplib/fdiv.s                          0x00000000   Number         0  fdiv.o ABSOLUTE
    ../fplib/ffix.s                          0x00000000   Number         0  ffix.o ABSOLUTE
    ../fplib/ffixu.s                         0x00000000   Number         0  ffixu.o ABSOLUTE
    ../fplib/fflt.s                          0x00000000   Number         0  fflt_clz.o ABSOLUTE
    ../fplib/fmul.s                          0x00000000   Number         0  fmul.o ABSOLUTE
    ../fplib/fnaninf.s                       0x00000000   Number         0  fnaninf.o ABSOLUTE
    ../fplib/fpinit.s                        0x00000000   Number         0  fpinit.o ABSOLUTE
    ../fplib/fretinf.s                       0x00000000   Number         0  fretinf.o ABSOLUTE
    ../fplib/usenofp.s                       0x00000000   Number         0  usenofp.o ABSOLUTE
    Control\C\CommUAV.c                      0x00000000   Number         0  commuav.o ABSOLUTE
    Control\C\Control.c                      0x00000000   Number         0  control.o ABSOLUTE
    HardWareDriver\C\Key.c                   0x00000000   Number         0  key.o ABSOLUTE
    HardWareDriver\C\NRF24L01.c              0x00000000   Number         0  nrf24l01.o ABSOLUTE
    HardWareDriver\C\SPI.c                   0x00000000   Number         0  spi.o ABSOLUTE
    HardWareDriver\C\Tim.c                   0x00000000   Number         0  tim.o ABSOLUTE
    HardWareDriver\C\UART1.c                 0x00000000   Number         0  uart1.o ABSOLUTE
    HardWareDriver\C\adc.c                   0x00000000   Number         0  adc.o ABSOLUTE
    HardWareDriver\C\delay.c                 0x00000000   Number         0  delay.o ABSOLUTE
    HardWareDriver\C\initIO.c                0x00000000   Number         0  initio.o ABSOLUTE
    HardWareDriver\C\stmflash.c              0x00000000   Number         0  stmflash.o ABSOLUTE
    Lib\src\misc.c                           0x00000000   Number         0  misc.o ABSOLUTE
    Lib\src\stm32f10x_exti.c                 0x00000000   Number         0  stm32f10x_exti.o ABSOLUTE
    Lib\src\stm32f10x_gpio.c                 0x00000000   Number         0  stm32f10x_gpio.o ABSOLUTE
    Lib\src\stm32f10x_i2c.c                  0x00000000   Number         0  stm32f10x_i2c.o ABSOLUTE
    Lib\src\stm32f10x_pwr.c                  0x00000000   Number         0  stm32f10x_pwr.o ABSOLUTE
    Lib\src\stm32f10x_rcc.c                  0x00000000   Number         0  stm32f10x_rcc.o ABSOLUTE
    Lib\src\stm32f10x_spi.c                  0x00000000   Number         0  stm32f10x_spi.o ABSOLUTE
    Lib\src\stm32f10x_tim.c                  0x00000000   Number         0  stm32f10x_tim.o ABSOLUTE
    Lib\src\stm32f10x_usart.c                0x00000000   Number         0  stm32f10x_usart.o ABSOLUTE
    StartUp\\core_cm3.c                      0x00000000   Number         0  core_cm3.o ABSOLUTE
    StartUp\core_cm3.c                       0x00000000   Number         0  core_cm3.o ABSOLUTE
    StartUp\startup_stm32f10x_md.s           0x00000000   Number         0  startup_stm32f10x_md.o ABSOLUTE
    StartUp\system_stm32f10x.c               0x00000000   Number         0  system_stm32f10x.o ABSOLUTE
    User_Src\ConfigTable.c                   0x00000000   Number         0  configtable.o ABSOLUTE
    User_Src\Sys_Fun.c                       0x00000000   Number         0  sys_fun.o ABSOLUTE
    User_Src\main.c                          0x00000000   Number         0  main.o ABSOLUTE
    User_Src\stm32f10x_it.c                  0x00000000   Number         0  stm32f10x_it.o ABSOLUTE
    dc.s                                     0x00000000   Number         0  dc.o ABSOLUTE
    RESET                                    0x08000000   Section      236  startup_stm32f10x_md.o(RESET)
    !!!main                                  0x080000ec   Section        8  __main.o(!!!main)
    !!!scatter                               0x080000f4   Section       52  __scatter.o(!!!scatter)
    !!handler_copy                           0x08000128   Section       26  __scatter_copy.o(!!handler_copy)
    !!handler_zi                             0x08000144   Section       28  __scatter_zi.o(!!handler_zi)
    .ARM.Collect$$_printf_percent$$00000000  0x08000160   Section        0  _printf_percent.o(.ARM.Collect$$_printf_percent$$00000000)
    .ARM.Collect$$_printf_percent$$00000009  0x08000160   Section        6  _printf_d.o(.ARM.Collect$$_printf_percent$$00000009)
    .ARM.Collect$$_printf_percent$$00000017  0x08000166   Section        4  _printf_percent_end.o(.ARM.Collect$$_printf_percent$$00000017)
    .ARM.Collect$$libinit$$00000000          0x0800016a   Section        2  libinit.o(.ARM.Collect$$libinit$$00000000)
    .ARM.Collect$$libinit$$00000002          0x0800016c   Section        0  libinit2.o(.ARM.Collect$$libinit$$00000002)
    .ARM.Collect$$libinit$$00000004          0x0800016c   Section        0  libinit2.o(.ARM.Collect$$libinit$$00000004)
    .ARM.Collect$$libinit$$0000000A          0x0800016c   Section        0  libinit2.o(.ARM.Collect$$libinit$$0000000A)
    .ARM.Collect$$libinit$$0000000C          0x0800016c   Section        0  libinit2.o(.ARM.Collect$$libinit$$0000000C)
    .ARM.Collect$$libinit$$0000000E          0x0800016c   Section        0  libinit2.o(.ARM.Collect$$libinit$$0000000E)
    .ARM.Collect$$libinit$$00000011          0x0800016c   Section        0  libinit2.o(.ARM.Collect$$libinit$$00000011)
    .ARM.Collect$$libinit$$00000013          0x0800016c   Section        0  libinit2.o(.ARM.Collect$$libinit$$00000013)
    .ARM.Collect$$libinit$$00000015          0x0800016c   Section        0  libinit2.o(.ARM.Collect$$libinit$$00000015)
    .ARM.Collect$$libinit$$00000017          0x0800016c   Section        0  libinit2.o(.ARM.Collect$$libinit$$00000017)
    .ARM.Collect$$libinit$$00000019          0x0800016c   Section        0  libinit2.o(.ARM.Collect$$libinit$$00000019)
    .ARM.Collect$$libinit$$0000001B          0x0800016c   Section        0  libinit2.o(.ARM.Collect$$libinit$$0000001B)
    .ARM.Collect$$libinit$$0000001D          0x0800016c   Section        0  libinit2.o(.ARM.Collect$$libinit$$0000001D)
    .ARM.Collect$$libinit$$0000001F          0x0800016c   Section        0  libinit2.o(.ARM.Collect$$libinit$$0000001F)
    .ARM.Collect$$libinit$$00000021          0x0800016c   Section        0  libinit2.o(.ARM.Collect$$libinit$$00000021)
    .ARM.Collect$$libinit$$00000023          0x0800016c   Section        0  libinit2.o(.ARM.Collect$$libinit$$00000023)
    .ARM.Collect$$libinit$$00000025          0x0800016c   Section        0  libinit2.o(.ARM.Collect$$libinit$$00000025)
    .ARM.Collect$$libinit$$0000002C          0x0800016c   Section        0  libinit2.o(.ARM.Collect$$libinit$$0000002C)
    .ARM.Collect$$libinit$$0000002E          0x0800016c   Section        0  libinit2.o(.ARM.Collect$$libinit$$0000002E)
    .ARM.Collect$$libinit$$00000030          0x0800016c   Section        0  libinit2.o(.ARM.Collect$$libinit$$00000030)
    .ARM.Collect$$libinit$$00000032          0x0800016c   Section        0  libinit2.o(.ARM.Collect$$libinit$$00000032)
    .ARM.Collect$$libinit$$00000033          0x0800016c   Section        2  libinit2.o(.ARM.Collect$$libinit$$00000033)
    .ARM.Collect$$libshutdown$$00000000      0x0800016e   Section        2  libshutdown.o(.ARM.Collect$$libshutdown$$00000000)
    .ARM.Collect$$libshutdown$$00000002      0x08000170   Section        0  libshutdown2.o(.ARM.Collect$$libshutdown$$00000002)
    .ARM.Collect$$libshutdown$$00000004      0x08000170   Section        0  libshutdown2.o(.ARM.Collect$$libshutdown$$00000004)
    .ARM.Collect$$libshutdown$$00000007      0x08000170   Section        0  libshutdown2.o(.ARM.Collect$$libshutdown$$00000007)
    .ARM.Collect$$libshutdown$$0000000A      0x08000170   Section        0  libshutdown2.o(.ARM.Collect$$libshutdown$$0000000A)
    .ARM.Collect$$libshutdown$$0000000C      0x08000170   Section        0  libshutdown2.o(.ARM.Collect$$libshutdown$$0000000C)
    .ARM.Collect$$libshutdown$$0000000F      0x08000170   Section        0  libshutdown2.o(.ARM.Collect$$libshutdown$$0000000F)
    .ARM.Collect$$libshutdown$$00000010      0x08000170   Section        2  libshutdown2.o(.ARM.Collect$$libshutdown$$00000010)
    .ARM.Collect$$rtentry$$00000000          0x08000172   Section        0  __rtentry.o(.ARM.Collect$$rtentry$$00000000)
    .ARM.Collect$$rtentry$$00000002          0x08000172   Section        0  __rtentry2.o(.ARM.Collect$$rtentry$$00000002)
    .ARM.Collect$$rtentry$$00000004          0x08000172   Section        6  __rtentry4.o(.ARM.Collect$$rtentry$$00000004)
    .ARM.Collect$$rtentry$$00000009          0x08000178   Section        0  __rtentry2.o(.ARM.Collect$$rtentry$$00000009)
    .ARM.Collect$$rtentry$$0000000A          0x08000178   Section        4  __rtentry2.o(.ARM.Collect$$rtentry$$0000000A)
    .ARM.Collect$$rtentry$$0000000C          0x0800017c   Section        0  __rtentry2.o(.ARM.Collect$$rtentry$$0000000C)
    .ARM.Collect$$rtentry$$0000000D          0x0800017c   Section        8  __rtentry2.o(.ARM.Collect$$rtentry$$0000000D)
    .ARM.Collect$$rtexit$$00000000           0x08000184   Section        2  rtexit.o(.ARM.Collect$$rtexit$$00000000)
    .ARM.Collect$$rtexit$$00000002           0x08000186   Section        0  rtexit2.o(.ARM.Collect$$rtexit$$00000002)
    .ARM.Collect$$rtexit$$00000003           0x08000186   Section        4  rtexit2.o(.ARM.Collect$$rtexit$$00000003)
    .ARM.Collect$$rtexit$$00000004           0x0800018a   Section        6  rtexit2.o(.ARM.Collect$$rtexit$$00000004)
    .text                                    0x08000190   Section        0  system_stm32f10x.o(.text)
    SetSysClockTo36                          0x08000191   Thumb Code   210  system_stm32f10x.o(.text)
    SetSysClock                              0x08000263   Thumb Code     8  system_stm32f10x.o(.text)
    .text                                    0x0800036c   Section       64  startup_stm32f10x_md.o(.text)
    .text                                    0x080003ac   Section        0  delay.o(.text)
    .text                                    0x080003e8   Section        0  tim.o(.text)
    .text                                    0x08000504   Section        0  nrf24l01.o(.text)
    .text                                    0x08000700   Section        0  stmflash.o(.text)
    .text                                    0x0800093c   Section        0  uart1.o(.text)
    .text                                    0x08000c00   Section        0  adc.o(.text)
    .text                                    0x08000e70   Section        0  key.o(.text)
    .text                                    0x08001008   Section        0  spi.o(.text)
    .text                                    0x08001100   Section        0  initio.o(.text)
    ledInit                                  0x08001101   Thumb Code    96  initio.o(.text)
    keyInit                                  0x08001161   Thumb Code   180  initio.o(.text)
    .text                                    0x08001240   Section        0  main.o(.text)
    .text                                    0x08001368   Section        0  stm32f10x_it.o(.text)
    .text                                    0x08001414   Section        0  sys_fun.o(.text)
    .text                                    0x08001588   Section        0  configtable.o(.text)
    isEEPROMValid                            0x08001589   Thumb Code    26  configtable.o(.text)
    .text                                    0x08001680   Section        0  misc.o(.text)
    .text                                    0x0800175c   Section        0  stm32f10x_gpio.o(.text)
    .text                                    0x08001ab8   Section        0  stm32f10x_rcc.o(.text)
    .text                                    0x08001e5c   Section        0  stm32f10x_tim.o(.text)
    TI4_Config                               0x08002303   Thumb Code   130  stm32f10x_tim.o(.text)
    TI3_Config                               0x08002397   Thumb Code   122  stm32f10x_tim.o(.text)
    TI2_Config                               0x0800242b   Thumb Code   130  stm32f10x_tim.o(.text)
    TI1_Config                               0x080024bf   Thumb Code   108  stm32f10x_tim.o(.text)
    .text                                    0x08002c78   Section        0  stm32f10x_usart.o(.text)
    .text                                    0x08003080   Section        0  stm32f10x_spi.o(.text)
    .text                                    0x0800338c   Section        0  stm32f10x_exti.o(.text)
    .text                                    0x080034a8   Section        0  control.o(.text)
    .text                                    0x080036e0   Section        0  commuav.o(.text)
    .text                                    0x08003788   Section        2  use_no_semi_2.o(.text)
    .text                                    0x0800378c   Section        0  noretval__2printf.o(.text)
    .text                                    0x080037a4   Section        0  __printf.o(.text)
    .text                                    0x0800380c   Section        0  _printf_dec.o(.text)
    .text                                    0x08003884   Section      138  rt_memcpy_v6.o(.text)
    .text                                    0x0800390e   Section        0  heapauxi.o(.text)
    .text                                    0x08003914   Section        2  use_no_semi.o(.text)
    .text                                    0x08003916   Section        0  _printf_intcommon.o(.text)
    .text                                    0x080039c8   Section        0  _printf_char_file.o(.text)
    .text                                    0x080039ec   Section      100  rt_memcpy_w.o(.text)
    .text                                    0x08003a50   Section        0  _printf_char_common.o(.text)
    _printf_input_char                       0x08003a51   Thumb Code    10  _printf_char_common.o(.text)
    .text                                    0x08003a80   Section        0  ferror.o(.text)
    .text                                    0x08003a88   Section       74  sys_stackheap_outer.o(.text)
    .text                                    0x08003ad2   Section        0  exit.o(.text)
    .text                                    0x08003ae4   Section        8  libspace.o(.text)
    x$fpl$d2f                                0x08003aec   Section       98  d2f.o(x$fpl$d2f)
    x$fpl$dadd                               0x08003b50   Section      336  daddsub_clz.o(x$fpl$dadd)
    _dadd1                                   0x08003b61   Thumb Code     0  daddsub_clz.o(x$fpl$dadd)
    x$fpl$dcmpinf                            0x08003ca0   Section       24  dcmpi.o(x$fpl$dcmpinf)
    x$fpl$ddiv                               0x08003cb8   Section      688  ddiv.o(x$fpl$ddiv)
    ddiv_entry                               0x08003cbf   Thumb Code     0  ddiv.o(x$fpl$ddiv)
    x$fpl$dflt                               0x08003f68   Section       46  dflt_clz.o(x$fpl$dflt)
    x$fpl$dleqf                              0x08003f98   Section      120  dleqf.o(x$fpl$dleqf)
    x$fpl$dmul                               0x08004010   Section      340  dmul.o(x$fpl$dmul)
    x$fpl$dnaninf                            0x08004164   Section      156  dnaninf.o(x$fpl$dnaninf)
    x$fpl$dretinf                            0x08004200   Section       12  dretinf.o(x$fpl$dretinf)
    x$fpl$drleqf                             0x0800420c   Section      108  drleqf.o(x$fpl$drleqf)
    x$fpl$drsb                               0x08004278   Section       22  daddsub_clz.o(x$fpl$drsb)
    x$fpl$dsub                               0x08004290   Section      468  daddsub_clz.o(x$fpl$dsub)
    _dsub1                                   0x080042a1   Thumb Code     0  daddsub_clz.o(x$fpl$dsub)
    x$fpl$f2d                                0x08004464   Section       86  f2d.o(x$fpl$f2d)
    x$fpl$fadd                               0x080044bc   Section      196  faddsub_clz.o(x$fpl$fadd)
    _fadd1                                   0x080044cb   Thumb Code     0  faddsub_clz.o(x$fpl$fadd)
    x$fpl$fdiv                               0x08004580   Section      388  fdiv.o(x$fpl$fdiv)
    _fdiv1                                   0x08004581   Thumb Code     0  fdiv.o(x$fpl$fdiv)
    x$fpl$ffix                               0x08004704   Section       54  ffix.o(x$fpl$ffix)
    x$fpl$ffixu                              0x0800473c   Section       62  ffixu.o(x$fpl$ffixu)
    x$fpl$fflt                               0x0800477c   Section       48  fflt_clz.o(x$fpl$fflt)
    x$fpl$ffltu                              0x080047ac   Section       38  fflt_clz.o(x$fpl$ffltu)
    x$fpl$fmul                               0x080047d4   Section      258  fmul.o(x$fpl$fmul)
    x$fpl$fnaninf                            0x080048d6   Section      140  fnaninf.o(x$fpl$fnaninf)
    x$fpl$fretinf                            0x08004962   Section       10  fretinf.o(x$fpl$fretinf)
    x$fpl$frsb                               0x0800496c   Section       20  faddsub_clz.o(x$fpl$frsb)
    x$fpl$fsub                               0x08004980   Section      234  faddsub_clz.o(x$fpl$fsub)
    _fsub1                                   0x0800498f   Thumb Code     0  faddsub_clz.o(x$fpl$fsub)
    x$fpl$usenofp                            0x08004a6a   Section        0  usenofp.o(x$fpl$usenofp)
    .data                                    0x20000000   Section       20  system_stm32f10x.o(.data)
    .data                                    0x20000014   Section       16  tim.o(.data)
    .data                                    0x20000024   Section       10  nrf24l01.o(.data)
    .data                                    0x20000030   Section       11  uart1.o(.data)
    ledFlag                                  0x20000039   Data           1  uart1.o(.data)
    timeCount                                0x2000003a   Data           1  uart1.o(.data)
    .data                                    0x2000003b   Section        4  key.o(.data)
    keyCount                                 0x2000003e   Data           1  key.o(.data)
    .data                                    0x20000040   Section       16  initio.o(.data)
    .data                                    0x20000050   Section        8  stm32f10x_it.o(.data)
    usTicks                                  0x20000050   Data           4  stm32f10x_it.o(.data)
    .data                                    0x20000058   Section        1  sys_fun.o(.data)
    .data                                    0x20000059   Section       20  stm32f10x_rcc.o(.data)
    APBAHBPrescTable                         0x20000059   Data          16  stm32f10x_rcc.o(.data)
    ADCPrescTable                            0x20000069   Data           4  stm32f10x_rcc.o(.data)
    .data                                    0x2000006e   Section       17  commuav.o(.data)
    count                                    0x2000007e   Data           1  commuav.o(.data)
    .bss                                     0x20000080   Section      128  nrf24l01.o(.bss)
    .bss                                     0x20000100   Section     1024  stmflash.o(.bss)
    .bss                                     0x20000500   Section      280  uart1.o(.bss)
    .bss                                     0x20000618   Section       16  configtable.o(.bss)
    .bss                                     0x20000628   Section       96  libspace.o(.bss)
    HEAP                                     0x20000688   Section      512  startup_stm32f10x_md.o(HEAP)
    Heap_Mem                                 0x20000688   Data         512  startup_stm32f10x_md.o(HEAP)
    STACK                                    0x20000888   Section     1024  startup_stm32f10x_md.o(STACK)
    Stack_Mem                                0x20000888   Data        1024  startup_stm32f10x_md.o(STACK)
    __initial_sp                             0x20000c88   Data           0  startup_stm32f10x_md.o(STACK)

    Global Symbols

    Symbol Name                              Value     Ov Type        Size  Object(Section)

    BuildAttributes$$THM_ISAv4$P$D$K$B$S$PE$A:L22UL41UL21$X:L11$S22US41US21$IEEE1$IW$USESV6$~STKCKD$USESV7$~SHL$OSPACE$ROPI$EBA8$UX$STANDARDLIB$REQ8$PRES8$EABIv2 0x00000000   Number         0  anon$$obj.o ABSOLUTE
    __ARM_use_no_argv                        0x00000000   Number         0  main.o ABSOLUTE
    __ARM_exceptions_init                     - Undefined Weak Reference
    __alloca_initialize                       - Undefined Weak Reference
    __arm_preinit_                            - Undefined Weak Reference
    __cpp_initialize__aeabi_                  - Undefined Weak Reference
    __cxa_finalize                            - Undefined Weak Reference
    __rt_locale                               - Undefined Weak Reference
    __sigvec_lookup                           - Undefined Weak Reference
    _atexit_init                              - Undefined Weak Reference
    _call_atexit_fns                          - Undefined Weak Reference
    _clock_init                               - Undefined Weak Reference
    _fp_trap_init                             - Undefined Weak Reference
    _fp_trap_shutdown                         - Undefined Weak Reference
    _get_lc_collate                           - Undefined Weak Reference
    _get_lc_ctype                             - Undefined Weak Reference
    _get_lc_monetary                          - Undefined Weak Reference
    _get_lc_numeric                           - Undefined Weak Reference
    _get_lc_time                              - Undefined Weak Reference
    _getenv_init                              - Undefined Weak Reference
    _handle_redirection                       - Undefined Weak Reference
    _init_alloc                               - Undefined Weak Reference
    _init_user_alloc                          - Undefined Weak Reference
    _initio                                   - Undefined Weak Reference
    _mutex_acquire                            - Undefined Weak Reference
    _mutex_release                            - Undefined Weak Reference
    _printf_post_padding                      - Undefined Weak Reference
    _printf_pre_padding                       - Undefined Weak Reference
    _printf_truncate_signed                   - Undefined Weak Reference
    _printf_truncate_unsigned                 - Undefined Weak Reference
    _rand_init                                - Undefined Weak Reference
    _signal_finish                            - Undefined Weak Reference
    _signal_init                              - Undefined Weak Reference
    _terminate_alloc                          - Undefined Weak Reference
    _terminate_user_alloc                     - Undefined Weak Reference
    _terminateio                              - Undefined Weak Reference
    __Vectors_Size                           0x000000ec   Number         0  startup_stm32f10x_md.o ABSOLUTE
    __Vectors                                0x08000000   Data           4  startup_stm32f10x_md.o(RESET)
    __Vectors_End                            0x080000ec   Data           0  startup_stm32f10x_md.o(RESET)
    __main                                   0x080000ed   Thumb Code     8  __main.o(!!!main)
    __scatterload                            0x080000f5   Thumb Code     0  __scatter.o(!!!scatter)
    __scatterload_rt2                        0x080000f5   Thumb Code    44  __scatter.o(!!!scatter)
    __scatterload_rt2_thumb_only             0x080000f5   Thumb Code     0  __scatter.o(!!!scatter)
    __scatterload_null                       0x08000103   Thumb Code     0  __scatter.o(!!!scatter)
    __scatterload_copy                       0x08000129   Thumb Code    26  __scatter_copy.o(!!handler_copy)
    __scatterload_zeroinit                   0x08000145   Thumb Code    28  __scatter_zi.o(!!handler_zi)
    _printf_d                                0x08000161   Thumb Code     0  _printf_d.o(.ARM.Collect$$_printf_percent$$00000009)
    _printf_percent                          0x08000161   Thumb Code     0  _printf_percent.o(.ARM.Collect$$_printf_percent$$00000000)
    _printf_percent_end                      0x08000167   Thumb Code     0  _printf_percent_end.o(.ARM.Collect$$_printf_percent$$00000017)
    __rt_lib_init                            0x0800016b   Thumb Code     0  libinit.o(.ARM.Collect$$libinit$$00000000)
    __rt_lib_init_alloca_1                   0x0800016d   Thumb Code     0  libinit2.o(.ARM.Collect$$libinit$$0000002E)
    __rt_lib_init_argv_1                     0x0800016d   Thumb Code     0  libinit2.o(.ARM.Collect$$libinit$$0000002C)
    __rt_lib_init_atexit_1                   0x0800016d   Thumb Code     0  libinit2.o(.ARM.Collect$$libinit$$0000001B)
    __rt_lib_init_clock_1                    0x0800016d   Thumb Code     0  libinit2.o(.ARM.Collect$$libinit$$00000021)
    __rt_lib_init_cpp_1                      0x0800016d   Thumb Code     0  libinit2.o(.ARM.Collect$$libinit$$00000032)
    __rt_lib_init_exceptions_1               0x0800016d   Thumb Code     0  libinit2.o(.ARM.Collect$$libinit$$00000030)
    __rt_lib_init_fp_1                       0x0800016d   Thumb Code     0  libinit2.o(.ARM.Collect$$libinit$$00000002)
    __rt_lib_init_fp_trap_1                  0x0800016d   Thumb Code     0  libinit2.o(.ARM.Collect$$libinit$$0000001F)
    __rt_lib_init_getenv_1                   0x0800016d   Thumb Code     0  libinit2.o(.ARM.Collect$$libinit$$00000023)
    __rt_lib_init_heap_1                     0x0800016d   Thumb Code     0  libinit2.o(.ARM.Collect$$libinit$$0000000A)
    __rt_lib_init_lc_collate_1               0x0800016d   Thumb Code     0  libinit2.o(.ARM.Collect$$libinit$$00000011)
    __rt_lib_init_lc_ctype_1                 0x0800016d   Thumb Code     0  libinit2.o(.ARM.Collect$$libinit$$00000013)
    __rt_lib_init_lc_monetary_1              0x0800016d   Thumb Code     0  libinit2.o(.ARM.Collect$$libinit$$00000015)
    __rt_lib_init_lc_numeric_1               0x0800016d   Thumb Code     0  libinit2.o(.ARM.Collect$$libinit$$00000017)
    __rt_lib_init_lc_time_1                  0x0800016d   Thumb Code     0  libinit2.o(.ARM.Collect$$libinit$$00000019)
    __rt_lib_init_preinit_1                  0x0800016d   Thumb Code     0  libinit2.o(.ARM.Collect$$libinit$$00000004)
    __rt_lib_init_rand_1                     0x0800016d   Thumb Code     0  libinit2.o(.ARM.Collect$$libinit$$0000000E)
    __rt_lib_init_return                     0x0800016d   Thumb Code     0  libinit2.o(.ARM.Collect$$libinit$$00000033)
    __rt_lib_init_signal_1                   0x0800016d   Thumb Code     0  libinit2.o(.ARM.Collect$$libinit$$0000001D)
    __rt_lib_init_stdio_1                    0x0800016d   Thumb Code     0  libinit2.o(.ARM.Collect$$libinit$$00000025)
    __rt_lib_init_user_alloc_1               0x0800016d   Thumb Code     0  libinit2.o(.ARM.Collect$$libinit$$0000000C)
    __rt_lib_shutdown                        0x0800016f   Thumb Code     0  libshutdown.o(.ARM.Collect$$libshutdown$$00000000)
    __rt_lib_shutdown_cpp_1                  0x08000171   Thumb Code     0  libshutdown2.o(.ARM.Collect$$libshutdown$$00000002)
    __rt_lib_shutdown_fp_trap_1              0x08000171   Thumb Code     0  libshutdown2.o(.ARM.Collect$$libshutdown$$00000007)
    __rt_lib_shutdown_heap_1                 0x08000171   Thumb Code     0  libshutdown2.o(.ARM.Collect$$libshutdown$$0000000F)
    __rt_lib_shutdown_return                 0x08000171   Thumb Code     0  libshutdown2.o(.ARM.Collect$$libshutdown$$00000010)
    __rt_lib_shutdown_signal_1               0x08000171   Thumb Code     0  libshutdown2.o(.ARM.Collect$$libshutdown$$0000000A)
    __rt_lib_shutdown_stdio_1                0x08000171   Thumb Code     0  libshutdown2.o(.ARM.Collect$$libshutdown$$00000004)
    __rt_lib_shutdown_user_alloc_1           0x08000171   Thumb Code     0  libshutdown2.o(.ARM.Collect$$libshutdown$$0000000C)
    __rt_entry                               0x08000173   Thumb Code     0  __rtentry.o(.ARM.Collect$$rtentry$$00000000)
    __rt_entry_presh_1                       0x08000173   Thumb Code     0  __rtentry2.o(.ARM.Collect$$rtentry$$00000002)
    __rt_entry_sh                            0x08000173   Thumb Code     0  __rtentry4.o(.ARM.Collect$$rtentry$$00000004)
    __rt_entry_li                            0x08000179   Thumb Code     0  __rtentry2.o(.ARM.Collect$$rtentry$$0000000A)
    __rt_entry_postsh_1                      0x08000179   Thumb Code     0  __rtentry2.o(.ARM.Collect$$rtentry$$00000009)
    __rt_entry_main                          0x0800017d   Thumb Code     0  __rtentry2.o(.ARM.Collect$$rtentry$$0000000D)
    __rt_entry_postli_1                      0x0800017d   Thumb Code     0  __rtentry2.o(.ARM.Collect$$rtentry$$0000000C)
    __rt_exit                                0x08000185   Thumb Code     0  rtexit.o(.ARM.Collect$$rtexit$$00000000)
    __rt_exit_ls                             0x08000187   Thumb Code     0  rtexit2.o(.ARM.Collect$$rtexit$$00000003)
    __rt_exit_prels_1                        0x08000187   Thumb Code     0  rtexit2.o(.ARM.Collect$$rtexit$$00000002)
    __rt_exit_exit                           0x0800018b   Thumb Code     0  rtexit2.o(.ARM.Collect$$rtexit$$00000004)
    SystemInit                               0x0800026b   Thumb Code    78  system_stm32f10x.o(.text)
    SystemCoreClockUpdate                    0x080002b9   Thumb Code   142  system_stm32f10x.o(.text)
    Reset_Handler                            0x0800036d   Thumb Code     8  startup_stm32f10x_md.o(.text)
    ADC1_2_IRQHandler                        0x08000387   Thumb Code     0  startup_stm32f10x_md.o(.text)
    CAN1_RX1_IRQHandler                      0x08000387   Thumb Code     0  startup_stm32f10x_md.o(.text)
    CAN1_SCE_IRQHandler                      0x08000387   Thumb Code     0  startup_stm32f10x_md.o(.text)
    DMA1_Channel1_IRQHandler                 0x08000387   Thumb Code     0  startup_stm32f10x_md.o(.text)
    DMA1_Channel2_IRQHandler                 0x08000387   Thumb Code     0  startup_stm32f10x_md.o(.text)
    DMA1_Channel3_IRQHandler                 0x08000387   Thumb Code     0  startup_stm32f10x_md.o(.text)
    DMA1_Channel4_IRQHandler                 0x08000387   Thumb Code     0  startup_stm32f10x_md.o(.text)
    DMA1_Channel5_IRQHandler                 0x08000387   Thumb Code     0  startup_stm32f10x_md.o(.text)
    DMA1_Channel6_IRQHandler                 0x08000387   Thumb Code     0  startup_stm32f10x_md.o(.text)
    DMA1_Channel7_IRQHandler                 0x08000387   Thumb Code     0  startup_stm32f10x_md.o(.text)
    EXTI0_IRQHandler                         0x08000387   Thumb Code     0  startup_stm32f10x_md.o(.text)
    EXTI15_10_IRQHandler                     0x08000387   Thumb Code     0  startup_stm32f10x_md.o(.text)
    EXTI1_IRQHandler                         0x08000387   Thumb Code     0  startup_stm32f10x_md.o(.text)
    EXTI2_IRQHandler                         0x08000387   Thumb Code     0  startup_stm32f10x_md.o(.text)
    EXTI4_IRQHandler                         0x08000387   Thumb Code     0  startup_stm32f10x_md.o(.text)
    FLASH_IRQHandler                         0x08000387   Thumb Code     0  startup_stm32f10x_md.o(.text)
    I2C1_ER_IRQHandler                       0x08000387   Thumb Code     0  startup_stm32f10x_md.o(.text)
    I2C1_EV_IRQHandler                       0x08000387   Thumb Code     0  startup_stm32f10x_md.o(.text)
    I2C2_ER_IRQHandler                       0x08000387   Thumb Code     0  startup_stm32f10x_md.o(.text)
    I2C2_EV_IRQHandler                       0x08000387   Thumb Code     0  startup_stm32f10x_md.o(.text)
    PVD_IRQHandler                           0x08000387   Thumb Code     0  startup_stm32f10x_md.o(.text)
    RCC_IRQHandler                           0x08000387   Thumb Code     0  startup_stm32f10x_md.o(.text)
    RTCAlarm_IRQHandler                      0x08000387   Thumb Code     0  startup_stm32f10x_md.o(.text)
    RTC_IRQHandler                           0x08000387   Thumb Code     0  startup_stm32f10x_md.o(.text)
    SPI1_IRQHandler                          0x08000387   Thumb Code     0  startup_stm32f10x_md.o(.text)
    SPI2_IRQHandler                          0x08000387   Thumb Code     0  startup_stm32f10x_md.o(.text)
    TAMPER_IRQHandler                        0x08000387   Thumb Code     0  startup_stm32f10x_md.o(.text)
    TIM1_BRK_IRQHandler                      0x08000387   Thumb Code     0  startup_stm32f10x_md.o(.text)
    TIM1_CC_IRQHandler                       0x08000387   Thumb Code     0  startup_stm32f10x_md.o(.text)
    TIM1_TRG_COM_IRQHandler                  0x08000387   Thumb Code     0  startup_stm32f10x_md.o(.text)
    TIM1_UP_IRQHandler                       0x08000387   Thumb Code     0  startup_stm32f10x_md.o(.text)
    TIM2_IRQHandler                          0x08000387   Thumb Code     0  startup_stm32f10x_md.o(.text)
    TIM3_IRQHandler                          0x08000387   Thumb Code     0  startup_stm32f10x_md.o(.text)
    USART2_IRQHandler                        0x08000387   Thumb Code     0  startup_stm32f10x_md.o(.text)
    USART3_IRQHandler                        0x08000387   Thumb Code     0  startup_stm32f10x_md.o(.text)
    USBWakeUp_IRQHandler                     0x08000387   Thumb Code     0  startup_stm32f10x_md.o(.text)
    USB_HP_CAN1_TX_IRQHandler                0x08000387   Thumb Code     0  startup_stm32f10x_md.o(.text)
    USB_LP_CAN1_RX0_IRQHandler               0x08000387   Thumb Code     0  startup_stm32f10x_md.o(.text)
    WWDG_IRQHandler                          0x08000387   Thumb Code     0  startup_stm32f10x_md.o(.text)
    __user_initial_stackheap                 0x08000389   Thumb Code     0  startup_stm32f10x_md.o(.text)
    delay_ms                                 0x080003ad   Thumb Code    34  delay.o(.text)
    delay_us                                 0x080003cf   Thumb Code    24  delay.o(.text)
    TIM4_IRQHandler                          0x080003e9   Thumb Code   128  tim.o(.text)
    TIM4_Init                                0x08000469   Thumb Code    80  tim.o(.text)
    TimerNVIC_Configuration                  0x080004b9   Thumb Code    38  tim.o(.text)
    NRF_Write_Reg                            0x08000505   Thumb Code    40  nrf24l01.o(.text)
    NRF_Read_Reg                             0x0800052d   Thumb Code    38  nrf24l01.o(.text)
    NRF_Write_Buf                            0x08000553   Thumb Code    58  nrf24l01.o(.text)
    NRF_Read_Buf                             0x0800058d   Thumb Code    60  nrf24l01.o(.text)
    NRF_TxPacket                             0x080005c9   Thumb Code    38  nrf24l01.o(.text)
    NRF24L01_Check                           0x080005ef   Thumb Code    62  nrf24l01.o(.text)
    NRF24L01_INIT                            0x0800062d   Thumb Code    12  nrf24l01.o(.text)
    SetTX_Mode                               0x08000639   Thumb Code   100  nrf24l01.o(.text)
    NRF24L01_TxPacket                        0x0800069d   Thumb Code    82  nrf24l01.o(.text)
    STMFLASH_Unlock                          0x08000701   Thumb Code    12  stmflash.o(.text)
    STMFLASH_Lock                            0x0800070d   Thumb Code    14  stmflash.o(.text)
    STMFLASH_GetStatus                       0x0800071b   Thumb Code    38  stmflash.o(.text)
    STMFLASH_WaitDone                        0x08000741   Thumb Code    42  stmflash.o(.text)
    STMFLASH_ErasePage                       0x0800076b   Thumb Code    72  stmflash.o(.text)
    STMFLASH_WriteHalfWord                   0x080007b3   Thumb Code    58  stmflash.o(.text)
    STMFLASH_ReadHalfWord                    0x080007ed   Thumb Code     6  stmflash.o(.text)
    STMFLASH_Write_NoCheck                   0x080007f3   Thumb Code    38  stmflash.o(.text)
    STMFLASH_Read                            0x08000819   Thumb Code    34  stmflash.o(.text)
    STMFLASH_Write                           0x0800083b   Thumb Code   222  stmflash.o(.text)
    Test_Write                               0x08000919   Thumb Code    16  stmflash.o(.text)
    _sys_exit                                0x0800093d   Thumb Code     4  uart1.o(.text)
    fputc                                    0x08000941   Thumb Code    24  uart1.o(.text)
    UART1NVIC_Configuration                  0x08000959   Thumb Code    34  uart1.o(.text)
    UART1_init                               0x0800097b   Thumb Code   238  uart1.o(.text)
    UartBuf_WD                               0x08000a69   Thumb Code    18  uart1.o(.text)
    UART1_Put_Char                           0x08000a7b   Thumb Code    26  uart1.o(.text)
    UartBuf_RD                               0x08000a95   Thumb Code    20  uart1.o(.text)
    UartBuf_Cnt                              0x08000aa9   Thumb Code    14  uart1.o(.text)
    UartBufClear                             0x08000ab7   Thumb Code     6  uart1.o(.text)
    UartSendBuffer                           0x08000abd   Thumb Code    42  uart1.o(.text)
    USART1_IRQHandler                        0x08000ae7   Thumb Code    46  uart1.o(.text)
    modifyAddress                            0x08000b15   Thumb Code   178  uart1.o(.text)
    Adc_Init                                 0x08000c01   Thumb Code   332  adc.o(.text)
    Get_Adc                                  0x08000d4d   Thumb Code    68  adc.o(.text)
    Get_Adc_Average                          0x08000d91   Thumb Code    36  adc.o(.text)
    Get_Temp                                 0x08000db5   Thumb Code   140  adc.o(.text)
    EXTI3_IRQHandler                         0x08000e71   Thumb Code    24  key.o(.text)
    EXTI9_5_IRQHandler                       0x08000e89   Thumb Code    26  key.o(.text)
    checkKey                                 0x08000ea3   Thumb Code   326  key.o(.text)
    SPI1_INIT                                0x08001009   Thumb Code   190  spi.o(.text)
    SPI_RW                                   0x080010c7   Thumb Code    50  spi.o(.text)
    initIO                                   0x08001215   Thumb Code    20  initio.o(.text)
    main                                     0x08001241   Thumb Code   240  main.o(.text)
    NMI_Handler                              0x08001369   Thumb Code     2  stm32f10x_it.o(.text)
    HardFault_Handler                        0x0800136b   Thumb Code     4  stm32f10x_it.o(.text)
    MemManage_Handler                        0x0800136f   Thumb Code     4  stm32f10x_it.o(.text)
    BusFault_Handler                         0x08001373   Thumb Code     4  stm32f10x_it.o(.text)
    UsageFault_Handler                       0x08001377   Thumb Code     4  stm32f10x_it.o(.text)
    SVC_Handler                              0x0800137b   Thumb Code     2  stm32f10x_it.o(.text)
    DebugMon_Handler                         0x0800137d   Thumb Code     2  stm32f10x_it.o(.text)
    PendSV_Handler                           0x0800137f   Thumb Code     2  stm32f10x_it.o(.text)
    cycleCounterInit                         0x08001381   Thumb Code    26  stm32f10x_it.o(.text)
    SysTick_Handler                          0x0800139b   Thumb Code    12  stm32f10x_it.o(.text)
    micros                                   0x080013a7   Thumb Code    58  stm32f10x_it.o(.text)
    DelayMs                                  0x080013e1   Thumb Code    34  stm32f10x_it.o(.text)
    millis                                   0x08001403   Thumb Code     6  stm32f10x_it.o(.text)
    NVIC_INIT                                0x08001415   Thumb Code    12  sys_fun.o(.text)
    MYRCC_DeInit                             0x08001421   Thumb Code    78  sys_fun.o(.text)
    SystemClock_HSI                          0x0800146f   Thumb Code   114  sys_fun.o(.text)
    SystemClock_HSE                          0x080014e1   Thumb Code   148  sys_fun.o(.text)
    TableResetDefault                        0x080015a3   Thumb Code    14  configtable.o(.text)
    TableReadEEPROM                          0x080015b1   Thumb Code    16  configtable.o(.text)
    TableWriteEEPROM                         0x080015c1   Thumb Code    16  configtable.o(.text)
    TableToParam                             0x080015d1   Thumb Code    60  configtable.o(.text)
    ParamToTable                             0x0800160d   Thumb Code    42  configtable.o(.text)
    ParamSetDefault                          0x08001637   Thumb Code     8  configtable.o(.text)
    LoadParamsFromEEPROM                     0x0800163f   Thumb Code    38  configtable.o(.text)
    SaveParamsToEEPROM                       0x08001665   Thumb Code    12  configtable.o(.text)
    NVIC_PriorityGroupConfig                 0x08001681   Thumb Code    10  misc.o(.text)
    NVIC_Init                                0x0800168b   Thumb Code   100  misc.o(.text)
    NVIC_SetVectorTable                      0x080016ef   Thumb Code    14  misc.o(.text)
    NVIC_SystemLPConfig                      0x080016fd   Thumb Code    34  misc.o(.text)
    SysTick_CLKSourceConfig                  0x0800171f   Thumb Code    40  misc.o(.text)
    GPIO_DeInit                              0x0800175d   Thumb Code   172  stm32f10x_gpio.o(.text)
    GPIO_AFIODeInit                          0x08001809   Thumb Code    20  stm32f10x_gpio.o(.text)
    GPIO_Init                                0x0800181d   Thumb Code   278  stm32f10x_gpio.o(.text)
    GPIO_StructInit                          0x08001933   Thumb Code    16  stm32f10x_gpio.o(.text)
    GPIO_ReadInputDataBit                    0x08001943   Thumb Code    18  stm32f10x_gpio.o(.text)
    GPIO_ReadInputData                       0x08001955   Thumb Code     8  stm32f10x_gpio.o(.text)
    GPIO_ReadOutputDataBit                   0x0800195d   Thumb Code    18  stm32f10x_gpio.o(.text)
    GPIO_ReadOutputData                      0x0800196f   Thumb Code     8  stm32f10x_gpio.o(.text)
    GPIO_SetBits                             0x08001977   Thumb Code     4  stm32f10x_gpio.o(.text)
    GPIO_ResetBits                           0x0800197b   Thumb Code     4  stm32f10x_gpio.o(.text)
    GPIO_WriteBit                            0x0800197f   Thumb Code    10  stm32f10x_gpio.o(.text)
    GPIO_Write                               0x08001989   Thumb Code     4  stm32f10x_gpio.o(.text)
    GPIO_PinLockConfig                       0x0800198d   Thumb Code    18  stm32f10x_gpio.o(.text)
    GPIO_EventOutputConfig                   0x0800199f   Thumb Code    26  stm32f10x_gpio.o(.text)
    GPIO_EventOutputCmd                      0x080019b9   Thumb Code     6  stm32f10x_gpio.o(.text)
    GPIO_PinRemapConfig                      0x080019bf   Thumb Code   138  stm32f10x_gpio.o(.text)
    GPIO_EXTILineConfig                      0x08001a49   Thumb Code    66  stm32f10x_gpio.o(.text)
    GPIO_ETH_MediaInterfaceConfig            0x08001a8b   Thumb Code     8  stm32f10x_gpio.o(.text)
    RCC_DeInit                               0x08001ab9   Thumb Code    64  stm32f10x_rcc.o(.text)
    RCC_HSEConfig                            0x08001af9   Thumb Code    70  stm32f10x_rcc.o(.text)
    RCC_GetFlagStatus                        0x08001b3f   Thumb Code    56  stm32f10x_rcc.o(.text)
    RCC_WaitForHSEStartUp                    0x08001b77   Thumb Code    56  stm32f10x_rcc.o(.text)
    RCC_AdjustHSICalibrationValue            0x08001baf   Thumb Code    20  stm32f10x_rcc.o(.text)
    RCC_HSICmd                               0x08001bc3   Thumb Code     6  stm32f10x_rcc.o(.text)
    RCC_PLLConfig                            0x08001bc9   Thumb Code    24  stm32f10x_rcc.o(.text)
    RCC_PLLCmd                               0x08001be1   Thumb Code     6  stm32f10x_rcc.o(.text)
    RCC_SYSCLKConfig                         0x08001be7   Thumb Code    18  stm32f10x_rcc.o(.text)
    RCC_GetSYSCLKSource                      0x08001bf9   Thumb Code    10  stm32f10x_rcc.o(.text)
    RCC_HCLKConfig                           0x08001c03   Thumb Code    18  stm32f10x_rcc.o(.text)
    RCC_PCLK1Config                          0x08001c15   Thumb Code    18  stm32f10x_rcc.o(.text)
    RCC_PCLK2Config                          0x08001c27   Thumb Code    20  stm32f10x_rcc.o(.text)
    RCC_ITConfig                             0x08001c3b   Thumb Code    26  stm32f10x_rcc.o(.text)
    RCC_USBCLKConfig                         0x08001c55   Thumb Code     8  stm32f10x_rcc.o(.text)
    RCC_ADCCLKConfig                         0x08001c5d   Thumb Code    18  stm32f10x_rcc.o(.text)
    RCC_LSEConfig                            0x08001c6f   Thumb Code    50  stm32f10x_rcc.o(.text)
    RCC_LSICmd                               0x08001ca1   Thumb Code     6  stm32f10x_rcc.o(.text)
    RCC_RTCCLKConfig                         0x08001ca7   Thumb Code    12  stm32f10x_rcc.o(.text)
    RCC_RTCCLKCmd                            0x08001cb3   Thumb Code     8  stm32f10x_rcc.o(.text)
    RCC_GetClocksFreq                        0x08001cbb   Thumb Code   192  stm32f10x_rcc.o(.text)
    RCC_AHBPeriphClockCmd                    0x08001d7b   Thumb Code    26  stm32f10x_rcc.o(.text)
    RCC_APB2PeriphClockCmd                   0x08001d95   Thumb Code    26  stm32f10x_rcc.o(.text)
    RCC_APB1PeriphClockCmd                   0x08001daf   Thumb Code    26  stm32f10x_rcc.o(.text)
    RCC_APB2PeriphResetCmd                   0x08001dc9   Thumb Code    26  stm32f10x_rcc.o(.text)
    RCC_APB1PeriphResetCmd                   0x08001de3   Thumb Code    26  stm32f10x_rcc.o(.text)
    RCC_BackupResetCmd                       0x08001dfd   Thumb Code     8  stm32f10x_rcc.o(.text)
    RCC_ClockSecuritySystemCmd               0x08001e05   Thumb Code     6  stm32f10x_rcc.o(.text)
    RCC_MCOConfig                            0x08001e0b   Thumb Code     6  stm32f10x_rcc.o(.text)
    RCC_ClearFlag                            0x08001e11   Thumb Code    14  stm32f10x_rcc.o(.text)
    RCC_GetITStatus                          0x08001e1f   Thumb Code    20  stm32f10x_rcc.o(.text)
    RCC_ClearITPendingBit                    0x08001e33   Thumb Code     6  stm32f10x_rcc.o(.text)
    TIM_DeInit                               0x08001e5d   Thumb Code   424  stm32f10x_tim.o(.text)
    TIM_TimeBaseInit                         0x08002005   Thumb Code   122  stm32f10x_tim.o(.text)
    TIM_OC1Init                              0x0800207f   Thumb Code   132  stm32f10x_tim.o(.text)
    TIM_OC2Init                              0x08002103   Thumb Code   154  stm32f10x_tim.o(.text)
    TIM_OC3Init                              0x0800219d   Thumb Code   150  stm32f10x_tim.o(.text)
    TIM_OC4Init                              0x08002233   Thumb Code   182  stm32f10x_tim.o(.text)
    TIM_SetIC4Prescaler                      0x080022e9   Thumb Code    26  stm32f10x_tim.o(.text)
    TIM_SetIC3Prescaler                      0x08002385   Thumb Code    18  stm32f10x_tim.o(.text)
    TIM_SetIC2Prescaler                      0x08002411   Thumb Code    26  stm32f10x_tim.o(.text)
    TIM_SetIC1Prescaler                      0x080024ad   Thumb Code    18  stm32f10x_tim.o(.text)
    TIM_ICInit                               0x0800252b   Thumb Code   150  stm32f10x_tim.o(.text)
    TIM_PWMIConfig                           0x080025c1   Thumb Code   124  stm32f10x_tim.o(.text)
    TIM_BDTRConfig                           0x0800263d   Thumb Code    32  stm32f10x_tim.o(.text)
    TIM_TimeBaseStructInit                   0x0800265d   Thumb Code    18  stm32f10x_tim.o(.text)
    TIM_OCStructInit                         0x0800266f   Thumb Code    20  stm32f10x_tim.o(.text)
    TIM_ICStructInit                         0x08002683   Thumb Code    18  stm32f10x_tim.o(.text)
    TIM_BDTRStructInit                       0x08002695   Thumb Code    40  stm32f10x_tim.o(.text)
    TIM_Cmd                                  0x080026bd   Thumb Code    24  stm32f10x_tim.o(.text)
    TIM_CtrlPWMOutputs                       0x080026d5   Thumb Code    30  stm32f10x_tim.o(.text)
    TIM_ITConfig                             0x080026f3   Thumb Code    18  stm32f10x_tim.o(.text)
    TIM_GenerateEvent                        0x08002705   Thumb Code     4  stm32f10x_tim.o(.text)
    TIM_DMAConfig                            0x08002709   Thumb Code    10  stm32f10x_tim.o(.text)
    TIM_DMACmd                               0x08002713   Thumb Code    18  stm32f10x_tim.o(.text)
    TIM_InternalClockConfig                  0x08002725   Thumb Code    12  stm32f10x_tim.o(.text)
    TIM_SelectInputTrigger                   0x08002731   Thumb Code    18  stm32f10x_tim.o(.text)
    TIM_ITRxExternalClockConfig              0x08002743   Thumb Code    24  stm32f10x_tim.o(.text)
    TIM_TIxExternalClockConfig               0x0800275b   Thumb Code    62  stm32f10x_tim.o(.text)
    TIM_ETRConfig                            0x08002799   Thumb Code    28  stm32f10x_tim.o(.text)
    TIM_ETRClockMode1Config                  0x080027b5   Thumb Code    54  stm32f10x_tim.o(.text)
    TIM_ETRClockMode2Config                  0x080027eb   Thumb Code    32  stm32f10x_tim.o(.text)
    TIM_PrescalerConfig                      0x0800280b   Thumb Code     6  stm32f10x_tim.o(.text)
    TIM_CounterModeConfig                    0x08002811   Thumb Code    18  stm32f10x_tim.o(.text)
    TIM_EncoderInterfaceConfig               0x08002823   Thumb Code    66  stm32f10x_tim.o(.text)
    TIM_ForcedOC1Config                      0x08002865   Thumb Code    18  stm32f10x_tim.o(.text)
    TIM_ForcedOC2Config                      0x08002877   Thumb Code    26  stm32f10x_tim.o(.text)
    TIM_ForcedOC3Config                      0x08002891   Thumb Code    18  stm32f10x_tim.o(.text)
    TIM_ForcedOC4Config                      0x080028a3   Thumb Code    26  stm32f10x_tim.o(.text)
    TIM_ARRPreloadConfig                     0x080028bd   Thumb Code    24  stm32f10x_tim.o(.text)
    TIM_SelectCOM                            0x080028d5   Thumb Code    24  stm32f10x_tim.o(.text)
    TIM_SelectCCDMA                          0x080028ed   Thumb Code    24  stm32f10x_tim.o(.text)
    TIM_CCPreloadControl                     0x08002905   Thumb Code    24  stm32f10x_tim.o(.text)
    TIM_OC1PreloadConfig                     0x0800291d   Thumb Code    18  stm32f10x_tim.o(.text)
    TIM_OC2PreloadConfig                     0x0800292f   Thumb Code    26  stm32f10x_tim.o(.text)
    TIM_OC3PreloadConfig                     0x08002949   Thumb Code    18  stm32f10x_tim.o(.text)
    TIM_OC4PreloadConfig                     0x0800295b   Thumb Code    26  stm32f10x_tim.o(.text)
    TIM_OC1FastConfig                        0x08002975   Thumb Code    18  stm32f10x_tim.o(.text)
    TIM_OC2FastConfig                        0x08002987   Thumb Code    26  stm32f10x_tim.o(.text)
    TIM_OC3FastConfig                        0x080029a1   Thumb Code    18  stm32f10x_tim.o(.text)
    TIM_OC4FastConfig                        0x080029b3   Thumb Code    26  stm32f10x_tim.o(.text)
    TIM_ClearOC1Ref                          0x080029cd   Thumb Code    18  stm32f10x_tim.o(.text)
    TIM_ClearOC2Ref                          0x080029df   Thumb Code    24  stm32f10x_tim.o(.text)
    TIM_ClearOC3Ref                          0x080029f7   Thumb Code    18  stm32f10x_tim.o(.text)
    TIM_ClearOC4Ref                          0x08002a09   Thumb Code    24  stm32f10x_tim.o(.text)
    TIM_OC1PolarityConfig                    0x08002a21   Thumb Code    18  stm32f10x_tim.o(.text)
    TIM_OC1NPolarityConfig                   0x08002a33   Thumb Code    18  stm32f10x_tim.o(.text)
    TIM_OC2PolarityConfig                    0x08002a45   Thumb Code    26  stm32f10x_tim.o(.text)
    TIM_OC2NPolarityConfig                   0x08002a5f   Thumb Code    26  stm32f10x_tim.o(.text)
    TIM_OC3PolarityConfig                    0x08002a79   Thumb Code    26  stm32f10x_tim.o(.text)
    TIM_OC3NPolarityConfig                   0x08002a93   Thumb Code    26  stm32f10x_tim.o(.text)
    TIM_OC4PolarityConfig                    0x08002aad   Thumb Code    26  stm32f10x_tim.o(.text)
    TIM_CCxCmd                               0x08002ac7   Thumb Code    30  stm32f10x_tim.o(.text)
    TIM_CCxNCmd                              0x08002ae5   Thumb Code    30  stm32f10x_tim.o(.text)
    TIM_SelectOCxM                           0x08002b03   Thumb Code    82  stm32f10x_tim.o(.text)
    TIM_UpdateDisableConfig                  0x08002b55   Thumb Code    24  stm32f10x_tim.o(.text)
    TIM_UpdateRequestConfig                  0x08002b6d   Thumb Code    24  stm32f10x_tim.o(.text)
    TIM_SelectHallSensor                     0x08002b85   Thumb Code    24  stm32f10x_tim.o(.text)
    TIM_SelectOnePulseMode                   0x08002b9d   Thumb Code    18  stm32f10x_tim.o(.text)
    TIM_SelectOutputTrigger                  0x08002baf   Thumb Code    18  stm32f10x_tim.o(.text)
    TIM_SelectSlaveMode                      0x08002bc1   Thumb Code    18  stm32f10x_tim.o(.text)
    TIM_SelectMasterSlaveMode                0x08002bd3   Thumb Code    18  stm32f10x_tim.o(.text)
    TIM_SetCounter                           0x08002be5   Thumb Code     4  stm32f10x_tim.o(.text)
    TIM_SetAutoreload                        0x08002be9   Thumb Code     4  stm32f10x_tim.o(.text)
    TIM_SetCompare1                          0x08002bed   Thumb Code     4  stm32f10x_tim.o(.text)
    TIM_SetCompare2                          0x08002bf1   Thumb Code     4  stm32f10x_tim.o(.text)
    TIM_SetCompare3                          0x08002bf5   Thumb Code     4  stm32f10x_tim.o(.text)
    TIM_SetCompare4                          0x08002bf9   Thumb Code     6  stm32f10x_tim.o(.text)
    TIM_SetClockDivision                     0x08002bff   Thumb Code    18  stm32f10x_tim.o(.text)
    TIM_GetCapture1                          0x08002c11   Thumb Code     6  stm32f10x_tim.o(.text)
    TIM_GetCapture2                          0x08002c17   Thumb Code     6  stm32f10x_tim.o(.text)
    TIM_GetCapture3                          0x08002c1d   Thumb Code     6  stm32f10x_tim.o(.text)
    TIM_GetCapture4                          0x08002c23   Thumb Code     8  stm32f10x_tim.o(.text)
    TIM_GetCounter                           0x08002c2b   Thumb Code     6  stm32f10x_tim.o(.text)
    TIM_GetPrescaler                         0x08002c31   Thumb Code     6  stm32f10x_tim.o(.text)
    TIM_GetFlagStatus                        0x08002c37   Thumb Code    18  stm32f10x_tim.o(.text)
    TIM_ClearFlag                            0x08002c49   Thumb Code     6  stm32f10x_tim.o(.text)
    TIM_GetITStatus                          0x08002c4f   Thumb Code    34  stm32f10x_tim.o(.text)
    TIM_ClearITPendingBit                    0x08002c71   Thumb Code     6  stm32f10x_tim.o(.text)
    USART_DeInit                             0x08002c79   Thumb Code   134  stm32f10x_usart.o(.text)
    USART_Init                               0x08002cff   Thumb Code   210  stm32f10x_usart.o(.text)
    USART_StructInit                         0x08002dd1   Thumb Code    24  stm32f10x_usart.o(.text)
    USART_ClockInit                          0x08002de9   Thumb Code    34  stm32f10x_usart.o(.text)
    USART_ClockStructInit                    0x08002e0b   Thumb Code    12  stm32f10x_usart.o(.text)
    USART_Cmd                                0x08002e17   Thumb Code    24  stm32f10x_usart.o(.text)
    USART_ITConfig                           0x08002e2f   Thumb Code    74  stm32f10x_usart.o(.text)
    USART_DMACmd                             0x08002e79   Thumb Code    18  stm32f10x_usart.o(.text)
    USART_SetAddress                         0x08002e8b   Thumb Code    18  stm32f10x_usart.o(.text)
    USART_WakeUpConfig                       0x08002e9d   Thumb Code    18  stm32f10x_usart.o(.text)
    USART_ReceiverWakeUpCmd                  0x08002eaf   Thumb Code    24  stm32f10x_usart.o(.text)
    USART_LINBreakDetectLengthConfig         0x08002ec7   Thumb Code    18  stm32f10x_usart.o(.text)
    USART_LINCmd                             0x08002ed9   Thumb Code    24  stm32f10x_usart.o(.text)
    USART_SendData                           0x08002ef1   Thumb Code     8  stm32f10x_usart.o(.text)
    USART_ReceiveData                        0x08002ef9   Thumb Code    10  stm32f10x_usart.o(.text)
    USART_SendBreak                          0x08002f03   Thumb Code    10  stm32f10x_usart.o(.text)
    USART_SetGuardTime                       0x08002f0d   Thumb Code    16  stm32f10x_usart.o(.text)
    USART_SetPrescaler                       0x08002f1d   Thumb Code    16  stm32f10x_usart.o(.text)
    USART_SmartCardCmd                       0x08002f2d   Thumb Code    24  stm32f10x_usart.o(.text)
    USART_SmartCardNACKCmd                   0x08002f45   Thumb Code    24  stm32f10x_usart.o(.text)
    USART_HalfDuplexCmd                      0x08002f5d   Thumb Code    24  stm32f10x_usart.o(.text)
    USART_OverSampling8Cmd                   0x08002f75   Thumb Code    22  stm32f10x_usart.o(.text)
    USART_OneBitMethodCmd                    0x08002f8b   Thumb Code    24  stm32f10x_usart.o(.text)
    USART_IrDAConfig                         0x08002fa3   Thumb Code    18  stm32f10x_usart.o(.text)
    USART_IrDACmd                            0x08002fb5   Thumb Code    24  stm32f10x_usart.o(.text)
    USART_GetFlagStatus                      0x08002fcd   Thumb Code    26  stm32f10x_usart.o(.text)
    USART_ClearFlag                          0x08002fe7   Thumb Code    18  stm32f10x_usart.o(.text)
    USART_GetITStatus                        0x08002ff9   Thumb Code    84  stm32f10x_usart.o(.text)
    USART_ClearITPendingBit                  0x0800304d   Thumb Code    52  stm32f10x_usart.o(.text)
    SPI_I2S_DeInit                           0x08003081   Thumb Code    76  stm32f10x_spi.o(.text)
    SPI_Init                                 0x080030cd   Thumb Code    60  stm32f10x_spi.o(.text)
    I2S_Init                                 0x08003109   Thumb Code   226  stm32f10x_spi.o(.text)
    SPI_StructInit                           0x080031eb   Thumb Code    24  stm32f10x_spi.o(.text)
    I2S_StructInit                           0x08003203   Thumb Code    20  stm32f10x_spi.o(.text)
    SPI_Cmd                                  0x08003217   Thumb Code    24  stm32f10x_spi.o(.text)
    I2S_Cmd                                  0x0800322f   Thumb Code    24  stm32f10x_spi.o(.text)
    SPI_I2S_ITConfig                         0x08003247   Thumb Code    32  stm32f10x_spi.o(.text)
    SPI_I2S_DMACmd                           0x08003267   Thumb Code    18  stm32f10x_spi.o(.text)
    SPI_I2S_SendData                         0x08003279   Thumb Code     4  stm32f10x_spi.o(.text)
    SPI_I2S_ReceiveData                      0x0800327d   Thumb Code     6  stm32f10x_spi.o(.text)
    SPI_NSSInternalSoftwareConfig            0x08003283   Thumb Code    30  stm32f10x_spi.o(.text)
    SPI_SSOutputCmd                          0x080032a1   Thumb Code    24  stm32f10x_spi.o(.text)
    SPI_DataSizeConfig                       0x080032b9   Thumb Code    18  stm32f10x_spi.o(.text)
    SPI_TransmitCRC                          0x080032cb   Thumb Code    10  stm32f10x_spi.o(.text)
    SPI_CalculateCRC                         0x080032d5   Thumb Code    24  stm32f10x_spi.o(.text)
    SPI_GetCRC                               0x080032ed   Thumb Code    16  stm32f10x_spi.o(.text)
    SPI_GetCRCPolynomial                     0x080032fd   Thumb Code     6  stm32f10x_spi.o(.text)
    SPI_BiDirectionalLineConfig              0x08003303   Thumb Code    28  stm32f10x_spi.o(.text)
    SPI_I2S_GetFlagStatus                    0x0800331f   Thumb Code    18  stm32f10x_spi.o(.text)
    SPI_I2S_ClearFlag                        0x08003331   Thumb Code     6  stm32f10x_spi.o(.text)
    SPI_I2S_GetITStatus                      0x08003337   Thumb Code    52  stm32f10x_spi.o(.text)
    SPI_I2S_ClearITPendingBit                0x0800336b   Thumb Code    20  stm32f10x_spi.o(.text)
    EXTI_DeInit                              0x0800338d   Thumb Code    28  stm32f10x_exti.o(.text)
    EXTI_Init                                0x080033a9   Thumb Code   142  stm32f10x_exti.o(.text)
    EXTI_StructInit                          0x08003437   Thumb Code    16  stm32f10x_exti.o(.text)
    EXTI_GenerateSWInterrupt                 0x08003447   Thumb Code    16  stm32f10x_exti.o(.text)
    EXTI_GetFlagStatus                       0x08003457   Thumb Code    22  stm32f10x_exti.o(.text)
    EXTI_ClearFlag                           0x0800346d   Thumb Code     8  stm32f10x_exti.o(.text)
    EXTI_GetITStatus                         0x08003475   Thumb Code    34  stm32f10x_exti.o(.text)
    EXTI_ClearITPendingBit                   0x08003497   Thumb Code     8  stm32f10x_exti.o(.text)
    LoadRCdata                               0x080034a9   Thumb Code   550  control.o(.text)
    sendF3Data                               0x080036e1   Thumb Code    66  commuav.o(.text)
    cmdReduce                                0x08003723   Thumb Code    86  commuav.o(.text)
    __use_no_semihosting                     0x08003789   Thumb Code     2  use_no_semi_2.o(.text)
    __2printf                                0x0800378d   Thumb Code    20  noretval__2printf.o(.text)
    __printf                                 0x080037a5   Thumb Code   104  __printf.o(.text)
    _printf_int_dec                          0x0800380d   Thumb Code   104  _printf_dec.o(.text)
    __aeabi_memcpy                           0x08003885   Thumb Code     0  rt_memcpy_v6.o(.text)
    __rt_memcpy                              0x08003885   Thumb Code   138  rt_memcpy_v6.o(.text)
    _memcpy_lastbytes                        0x080038eb   Thumb Code     0  rt_memcpy_v6.o(.text)
    __use_two_region_memory                  0x0800390f   Thumb Code     2  heapauxi.o(.text)
    __rt_heap_escrow$2region                 0x08003911   Thumb Code     2  heapauxi.o(.text)
    __rt_heap_expand$2region                 0x08003913   Thumb Code     2  heapauxi.o(.text)
    __I$use$semihosting                      0x08003915   Thumb Code     0  use_no_semi.o(.text)
    __use_no_semihosting_swi                 0x08003915   Thumb Code     2  use_no_semi.o(.text)
    _printf_int_common                       0x08003917   Thumb Code   178  _printf_intcommon.o(.text)
    _printf_char_file                        0x080039c9   Thumb Code    32  _printf_char_file.o(.text)
    __aeabi_memcpy4                          0x080039ed   Thumb Code     0  rt_memcpy_w.o(.text)
    __aeabi_memcpy8                          0x080039ed   Thumb Code     0  rt_memcpy_w.o(.text)
    __rt_memcpy_w                            0x080039ed   Thumb Code   100  rt_memcpy_w.o(.text)
    _memcpy_lastbytes_aligned                0x08003a35   Thumb Code     0  rt_memcpy_w.o(.text)
    _printf_char_common                      0x08003a5b   Thumb Code    32  _printf_char_common.o(.text)
    ferror                                   0x08003a81   Thumb Code     8  ferror.o(.text)
    __user_setup_stackheap                   0x08003a89   Thumb Code    74  sys_stackheap_outer.o(.text)
    exit                                     0x08003ad3   Thumb Code    18  exit.o(.text)
    __user_libspace                          0x08003ae5   Thumb Code     8  libspace.o(.text)
    __user_perproc_libspace                  0x08003ae5   Thumb Code     0  libspace.o(.text)
    __user_perthread_libspace                0x08003ae5   Thumb Code     0  libspace.o(.text)
    __aeabi_d2f                              0x08003aed   Thumb Code     0  d2f.o(x$fpl$d2f)
    _d2f                                     0x08003aed   Thumb Code    98  d2f.o(x$fpl$d2f)
    __aeabi_dadd                             0x08003b51   Thumb Code     0  daddsub_clz.o(x$fpl$dadd)
    _dadd                                    0x08003b51   Thumb Code   332  daddsub_clz.o(x$fpl$dadd)
    __fpl_dcmp_Inf                           0x08003ca1   Thumb Code    24  dcmpi.o(x$fpl$dcmpinf)
    __aeabi_ddiv                             0x08003cb9   Thumb Code     0  ddiv.o(x$fpl$ddiv)
    _ddiv                                    0x08003cb9   Thumb Code   552  ddiv.o(x$fpl$ddiv)
    __aeabi_i2d                              0x08003f69   Thumb Code     0  dflt_clz.o(x$fpl$dflt)
    _dflt                                    0x08003f69   Thumb Code    46  dflt_clz.o(x$fpl$dflt)
    __aeabi_cdcmple                          0x08003f99   Thumb Code     0  dleqf.o(x$fpl$dleqf)
    _dcmple                                  0x08003f99   Thumb Code   120  dleqf.o(x$fpl$dleqf)
    __fpl_dcmple_InfNaN                      0x08003ffb   Thumb Code     0  dleqf.o(x$fpl$dleqf)
    __aeabi_dmul                             0x08004011   Thumb Code     0  dmul.o(x$fpl$dmul)
    _dmul                                    0x08004011   Thumb Code   332  dmul.o(x$fpl$dmul)
    __fpl_dnaninf                            0x08004165   Thumb Code   156  dnaninf.o(x$fpl$dnaninf)
    __fpl_dretinf                            0x08004201   Thumb Code    12  dretinf.o(x$fpl$dretinf)
    __aeabi_cdrcmple                         0x0800420d   Thumb Code     0  drleqf.o(x$fpl$drleqf)
    _drcmple                                 0x0800420d   Thumb Code   108  drleqf.o(x$fpl$drleqf)
    __aeabi_drsub                            0x08004279   Thumb Code     0  daddsub_clz.o(x$fpl$drsb)
    _drsb                                    0x08004279   Thumb Code    22  daddsub_clz.o(x$fpl$drsb)
    __aeabi_dsub                             0x08004291   Thumb Code     0  daddsub_clz.o(x$fpl$dsub)
    _dsub                                    0x08004291   Thumb Code   464  daddsub_clz.o(x$fpl$dsub)
    __aeabi_f2d                              0x08004465   Thumb Code     0  f2d.o(x$fpl$f2d)
    _f2d                                     0x08004465   Thumb Code    86  f2d.o(x$fpl$f2d)
    __aeabi_fadd                             0x080044bd   Thumb Code     0  faddsub_clz.o(x$fpl$fadd)
    _fadd                                    0x080044bd   Thumb Code   196  faddsub_clz.o(x$fpl$fadd)
    __aeabi_fdiv                             0x08004581   Thumb Code     0  fdiv.o(x$fpl$fdiv)
    _fdiv                                    0x08004581   Thumb Code   384  fdiv.o(x$fpl$fdiv)
    __aeabi_f2iz                             0x08004705   Thumb Code     0  ffix.o(x$fpl$ffix)
    _ffix                                    0x08004705   Thumb Code    54  ffix.o(x$fpl$ffix)
    __aeabi_f2uiz                            0x0800473d   Thumb Code     0  ffixu.o(x$fpl$ffixu)
    _ffixu                                   0x0800473d   Thumb Code    62  ffixu.o(x$fpl$ffixu)
    __aeabi_i2f                              0x0800477d   Thumb Code     0  fflt_clz.o(x$fpl$fflt)
    _fflt                                    0x0800477d   Thumb Code    48  fflt_clz.o(x$fpl$fflt)
    __aeabi_ui2f                             0x080047ad   Thumb Code     0  fflt_clz.o(x$fpl$ffltu)
    _ffltu                                   0x080047ad   Thumb Code    38  fflt_clz.o(x$fpl$ffltu)
    __aeabi_fmul                             0x080047d5   Thumb Code     0  fmul.o(x$fpl$fmul)
    _fmul                                    0x080047d5   Thumb Code   258  fmul.o(x$fpl$fmul)
    __fpl_fnaninf                            0x080048d7   Thumb Code   140  fnaninf.o(x$fpl$fnaninf)
    __fpl_fretinf                            0x08004963   Thumb Code    10  fretinf.o(x$fpl$fretinf)
    __aeabi_frsub                            0x0800496d   Thumb Code     0  faddsub_clz.o(x$fpl$frsb)
    _frsb                                    0x0800496d   Thumb Code    20  faddsub_clz.o(x$fpl$frsb)
    __aeabi_fsub                             0x08004981   Thumb Code     0  faddsub_clz.o(x$fpl$fsub)
    _fsub                                    0x08004981   Thumb Code   234  faddsub_clz.o(x$fpl$fsub)
    __I$use$fp                               0x08004a6a   Number         0  usenofp.o(x$fpl$usenofp)
    Region$$Table$$Base                      0x08004a6c   Number         0  anon$$obj.o(Region$$Table)
    Region$$Table$$Limit                     0x08004a8c   Number         0  anon$$obj.o(Region$$Table)
    SystemCoreClock                          0x20000000   Data           4  system_stm32f10x.o(.data)
    AHBPrescTable                            0x20000004   Data          16  system_stm32f10x.o(.data)
    flag10Hzcnt                              0x20000014   Data           2  tim.o(.data)
    flag50Hzcnt                              0x20000016   Data           2  tim.o(.data)
    flag80Hzcnt                              0x20000018   Data           2  tim.o(.data)
    flag100Hzcnt                             0x2000001a   Data           2  tim.o(.data)
    flag10Hz                                 0x2000001c   Data           2  tim.o(.data)
    flag50Hz                                 0x2000001e   Data           2  tim.o(.data)
    flag80Hz                                 0x20000020   Data           2  tim.o(.data)
    flag100Hz                                0x20000022   Data           2  tim.o(.data)
    TX_ADDRESS                               0x20000024   Data           5  nrf24l01.o(.data)
    RX_ADDRESS                               0x20000029   Data           5  nrf24l01.o(.data)
    modifyOnceFlag                           0x20000030   Data           1  uart1.o(.data)
    __stdout                                 0x20000034   Data           4  uart1.o(.data)
    Udatatmp                                 0x20000038   Data           1  uart1.o(.data)
    armKeyFlag                               0x2000003b   Data           1  key.o(.data)
    calibrationKeyFlag                       0x2000003c   Data           1  key.o(.data)
    modeKeyFlag                              0x2000003d   Data           1  key.o(.data)
    GPIO_InitStructure                       0x20000040   Data           4  initio.o(.data)
    NVIC_InitStructure                       0x20000044   Data           4  initio.o(.data)
    EXTI_InitStructure                       0x20000048   Data           8  initio.o(.data)
    sysTickUptime                            0x20000054   Data           4  stm32f10x_it.o(.data)
    SysClock                                 0x20000058   Data           1  sys_fun.o(.data)
    remoteData                               0x2000006e   Data          16  commuav.o(.data)
    TxBuf                                    0x20000080   Data          32  nrf24l01.o(.bss)
    RxBuf                                    0x200000a0   Data          32  nrf24l01.o(.bss)
    NRF24L01_RXDATA                          0x200000c0   Data          32  nrf24l01.o(.bss)
    NRF24L01_TXDATA                          0x200000e0   Data          32  nrf24l01.o(.bss)
    STMFLASH_BUF                             0x20000100   Data        1024  stmflash.o(.bss)
    UartTxbuf                                0x20000500   Data          12  uart1.o(.bss)
    UartRxbuf                                0x2000050c   Data          12  uart1.o(.bss)
    rx_buffer                                0x20000518   Data         128  uart1.o(.bss)
    tx_buffer                                0x20000598   Data         128  uart1.o(.bss)
    table                                    0x20000618   Data          16  configtable.o(.bss)
    __libspace_start                         0x20000628   Data          96  libspace.o(.bss)
    __temporary_stack_top$libspace           0x20000688   Data           0  libspace.o(.bss)



==============================================================================

Memory Map of the image

  Image Entry point : 0x0800036d

  Load Region LR_1 (Base: 0x08000000, Size: 0x00004b0c, Max: 0xffffffff, ABSOLUTE)

    Execution Region ER_RO (Base: 0x08000000, Size: 0x00004a8c, Max: 0xffffffff, ABSOLUTE)

    Base Addr    Size         Type   Attr      Idx    E Section Name        Object

    0x08000000   0x000000ec   Data   RO           89    RESET               startup_stm32f10x_md.o
    0x080000ec   0x00000008   Code   RO          602  * !!!main             c_w.l(__main.o)
    0x080000f4   0x00000034   Code   RO          835    !!!scatter          c_w.l(__scatter.o)
    0x08000128   0x0000001a   Code   RO          837    !!handler_copy      c_w.l(__scatter_copy.o)
    0x08000142   0x00000002   PAD
    0x08000144   0x0000001c   Code   RO          839    !!handler_zi        c_w.l(__scatter_zi.o)
    0x08000160   0x00000000   Code   RO          597    .ARM.Collect$$_printf_percent$$00000000  c_w.l(_printf_percent.o)
    0x08000160   0x00000006   Code   RO          596    .ARM.Collect$$_printf_percent$$00000009  c_w.l(_printf_d.o)
    0x08000166   0x00000004   Code   RO          661    .ARM.Collect$$_printf_percent$$00000017  c_w.l(_printf_percent_end.o)
    0x0800016a   0x00000002   Code   RO          709    .ARM.Collect$$libinit$$00000000  c_w.l(libinit.o)
    0x0800016c   0x00000000   Code   RO          716    .ARM.Collect$$libinit$$00000002  c_w.l(libinit2.o)
    0x0800016c   0x00000000   Code   RO          718    .ARM.Collect$$libinit$$00000004  c_w.l(libinit2.o)
    0x0800016c   0x00000000   Code   RO          721    .ARM.Collect$$libinit$$0000000A  c_w.l(libinit2.o)
    0x0800016c   0x00000000   Code   RO          723    .ARM.Collect$$libinit$$0000000C  c_w.l(libinit2.o)
    0x0800016c   0x00000000   Code   RO          725    .ARM.Collect$$libinit$$0000000E  c_w.l(libinit2.o)
    0x0800016c   0x00000000   Code   RO          728    .ARM.Collect$$libinit$$00000011  c_w.l(libinit2.o)
    0x0800016c   0x00000000   Code   RO          730    .ARM.Collect$$libinit$$00000013  c_w.l(libinit2.o)
    0x0800016c   0x00000000   Code   RO          732    .ARM.Collect$$libinit$$00000015  c_w.l(libinit2.o)
    0x0800016c   0x00000000   Code   RO          734    .ARM.Collect$$libinit$$00000017  c_w.l(libinit2.o)
    0x0800016c   0x00000000   Code   RO          736    .ARM.Collect$$libinit$$00000019  c_w.l(libinit2.o)
    0x0800016c   0x00000000   Code   RO          738    .ARM.Collect$$libinit$$0000001B  c_w.l(libinit2.o)
    0x0800016c   0x00000000   Code   RO          740    .ARM.Collect$$libinit$$0000001D  c_w.l(libinit2.o)
    0x0800016c   0x00000000   Code   RO          742    .ARM.Collect$$libinit$$0000001F  c_w.l(libinit2.o)
    0x0800016c   0x00000000   Code   RO          744    .ARM.Collect$$libinit$$00000021  c_w.l(libinit2.o)
    0x0800016c   0x00000000   Code   RO          746    .ARM.Collect$$libinit$$00000023  c_w.l(libinit2.o)
    0x0800016c   0x00000000   Code   RO          748    .ARM.Collect$$libinit$$00000025  c_w.l(libinit2.o)
    0x0800016c   0x00000000   Code   RO          752    .ARM.Collect$$libinit$$0000002C  c_w.l(libinit2.o)
    0x0800016c   0x00000000   Code   RO          754    .ARM.Collect$$libinit$$0000002E  c_w.l(libinit2.o)
    0x0800016c   0x00000000   Code   RO          756    .ARM.Collect$$libinit$$00000030  c_w.l(libinit2.o)
    0x0800016c   0x00000000   Code   RO          758    .ARM.Collect$$libinit$$00000032  c_w.l(libinit2.o)
    0x0800016c   0x00000002   Code   RO          759    .ARM.Collect$$libinit$$00000033  c_w.l(libinit2.o)
    0x0800016e   0x00000002   Code   RO          777    .ARM.Collect$$libshutdown$$00000000  c_w.l(libshutdown.o)
    0x08000170   0x00000000   Code   RO          787    .ARM.Collect$$libshutdown$$00000002  c_w.l(libshutdown2.o)
    0x08000170   0x00000000   Code   RO          789    .ARM.Collect$$libshutdown$$00000004  c_w.l(libshutdown2.o)
    0x08000170   0x00000000   Code   RO          792    .ARM.Collect$$libshutdown$$00000007  c_w.l(libshutdown2.o)
    0x08000170   0x00000000   Code   RO          795    .ARM.Collect$$libshutdown$$0000000A  c_w.l(libshutdown2.o)
    0x08000170   0x00000000   Code   RO          797    .ARM.Collect$$libshutdown$$0000000C  c_w.l(libshutdown2.o)
    0x08000170   0x00000000   Code   RO          800    .ARM.Collect$$libshutdown$$0000000F  c_w.l(libshutdown2.o)
    0x08000170   0x00000002   Code   RO          801    .ARM.Collect$$libshutdown$$00000010  c_w.l(libshutdown2.o)
    0x08000172   0x00000000   Code   RO          656    .ARM.Collect$$rtentry$$00000000  c_w.l(__rtentry.o)
    0x08000172   0x00000000   Code   RO          676    .ARM.Collect$$rtentry$$00000002  c_w.l(__rtentry2.o)
    0x08000172   0x00000006   Code   RO          688    .ARM.Collect$$rtentry$$00000004  c_w.l(__rtentry4.o)
    0x08000178   0x00000000   Code   RO          678    .ARM.Collect$$rtentry$$00000009  c_w.l(__rtentry2.o)
    0x08000178   0x00000004   Code   RO          679    .ARM.Collect$$rtentry$$0000000A  c_w.l(__rtentry2.o)
    0x0800017c   0x00000000   Code   RO          681    .ARM.Collect$$rtentry$$0000000C  c_w.l(__rtentry2.o)
    0x0800017c   0x00000008   Code   RO          682    .ARM.Collect$$rtentry$$0000000D  c_w.l(__rtentry2.o)
    0x08000184   0x00000002   Code   RO          713    .ARM.Collect$$rtexit$$00000000  c_w.l(rtexit.o)
    0x08000186   0x00000000   Code   RO          761    .ARM.Collect$$rtexit$$00000002  c_w.l(rtexit2.o)
    0x08000186   0x00000004   Code   RO          762    .ARM.Collect$$rtexit$$00000003  c_w.l(rtexit2.o)
    0x0800018a   0x00000006   Code   RO          763    .ARM.Collect$$rtexit$$00000004  c_w.l(rtexit2.o)
    0x08000190   0x000001dc   Code   RO           17    .text               system_stm32f10x.o
    0x0800036c   0x00000040   Code   RO           90  * .text               startup_stm32f10x_md.o
    0x080003ac   0x0000003a   Code   RO           94    .text               delay.o
    0x080003e6   0x00000002   PAD
    0x080003e8   0x0000011c   Code   RO          192    .text               tim.o
    0x08000504   0x000001fc   Code   RO          220    .text               nrf24l01.o
    0x08000700   0x0000023c   Code   RO          248    .text               stmflash.o
    0x0800093c   0x000002c4   Code   RO          263    .text               uart1.o
    0x08000c00   0x00000270   Code   RO          290    .text               adc.o
    0x08000e70   0x00000198   Code   RO          302    .text               key.o
    0x08001008   0x000000f8   Code   RO          318    .text               spi.o
    0x08001100   0x00000140   Code   RO          330    .text               initio.o
    0x08001240   0x00000128   Code   RO          345    .text               main.o
    0x08001368   0x000000ac   Code   RO          361    .text               stm32f10x_it.o
    0x08001414   0x00000174   Code   RO          379    .text               sys_fun.o
    0x08001588   0x000000f8   Code   RO          397    .text               configtable.o
    0x08001680   0x000000dc   Code   RO          421    .text               misc.o
    0x0800175c   0x0000035c   Code   RO          433    .text               stm32f10x_gpio.o
    0x08001ab8   0x000003a4   Code   RO          445    .text               stm32f10x_rcc.o
    0x08001e5c   0x00000e1a   Code   RO          459    .text               stm32f10x_tim.o
    0x08002c76   0x00000002   PAD
    0x08002c78   0x00000408   Code   RO          471    .text               stm32f10x_usart.o
    0x08003080   0x0000030c   Code   RO          495    .text               stm32f10x_spi.o
    0x0800338c   0x0000011c   Code   RO          522    .text               stm32f10x_exti.o
    0x080034a8   0x00000238   Code   RO          534    .text               control.o
    0x080036e0   0x000000a8   Code   RO          546    .text               commuav.o
    0x08003788   0x00000002   Code   RO          566    .text               c_w.l(use_no_semi_2.o)
    0x0800378a   0x00000002   PAD
    0x0800378c   0x00000018   Code   RO          570    .text               c_w.l(noretval__2printf.o)
    0x080037a4   0x00000068   Code   RO          572    .text               c_w.l(__printf.o)
    0x0800380c   0x00000078   Code   RO          574    .text               c_w.l(_printf_dec.o)
    0x08003884   0x0000008a   Code   RO          598    .text               c_w.l(rt_memcpy_v6.o)
    0x0800390e   0x00000006   Code   RO          600    .text               c_w.l(heapauxi.o)
    0x08003914   0x00000002   Code   RO          654    .text               c_w.l(use_no_semi.o)
    0x08003916   0x000000b2   Code   RO          657    .text               c_w.l(_printf_intcommon.o)
    0x080039c8   0x00000024   Code   RO          659    .text               c_w.l(_printf_char_file.o)
    0x080039ec   0x00000064   Code   RO          662    .text               c_w.l(rt_memcpy_w.o)
    0x08003a50   0x00000030   Code   RO          690    .text               c_w.l(_printf_char_common.o)
    0x08003a80   0x00000008   Code   RO          692    .text               c_w.l(ferror.o)
    0x08003a88   0x0000004a   Code   RO          698    .text               c_w.l(sys_stackheap_outer.o)
    0x08003ad2   0x00000012   Code   RO          702    .text               c_w.l(exit.o)
    0x08003ae4   0x00000008   Code   RO          710    .text               c_w.l(libspace.o)
    0x08003aec   0x00000062   Code   RO          604    x$fpl$d2f           fz_ws.l(d2f.o)
    0x08003b4e   0x00000002   PAD
    0x08003b50   0x00000150   Code   RO          606    x$fpl$dadd          fz_ws.l(daddsub_clz.o)
    0x08003ca0   0x00000018   Code   RO          696    x$fpl$dcmpinf       fz_ws.l(dcmpi.o)
    0x08003cb8   0x000002b0   Code   RO          613    x$fpl$ddiv          fz_ws.l(ddiv.o)
    0x08003f68   0x0000002e   Code   RO          617    x$fpl$dflt          fz_ws.l(dflt_clz.o)
    0x08003f96   0x00000002   PAD
    0x08003f98   0x00000078   Code   RO          664    x$fpl$dleqf         fz_ws.l(dleqf.o)
    0x08004010   0x00000154   Code   RO          622    x$fpl$dmul          fz_ws.l(dmul.o)
    0x08004164   0x0000009c   Code   RO          666    x$fpl$dnaninf       fz_ws.l(dnaninf.o)
    0x08004200   0x0000000c   Code   RO          668    x$fpl$dretinf       fz_ws.l(dretinf.o)
    0x0800420c   0x0000006c   Code   RO          624    x$fpl$drleqf        fz_ws.l(drleqf.o)
    0x08004278   0x00000016   Code   RO          607    x$fpl$drsb          fz_ws.l(daddsub_clz.o)
    0x0800428e   0x00000002   PAD
    0x08004290   0x000001d4   Code   RO          608    x$fpl$dsub          fz_ws.l(daddsub_clz.o)
    0x08004464   0x00000056   Code   RO          626    x$fpl$f2d           fz_ws.l(f2d.o)
    0x080044ba   0x00000002   PAD
    0x080044bc   0x000000c4   Code   RO          628    x$fpl$fadd          fz_ws.l(faddsub_clz.o)
    0x08004580   0x00000184   Code   RO          635    x$fpl$fdiv          fz_ws.l(fdiv.o)
    0x08004704   0x00000036   Code   RO          638    x$fpl$ffix          fz_ws.l(ffix.o)
    0x0800473a   0x00000002   PAD
    0x0800473c   0x0000003e   Code   RO          642    x$fpl$ffixu         fz_ws.l(ffixu.o)
    0x0800477a   0x00000002   PAD
    0x0800477c   0x00000030   Code   RO          647    x$fpl$fflt          fz_ws.l(fflt_clz.o)
    0x080047ac   0x00000026   Code   RO          646    x$fpl$ffltu         fz_ws.l(fflt_clz.o)
    0x080047d2   0x00000002   PAD
    0x080047d4   0x00000102   Code   RO          652    x$fpl$fmul          fz_ws.l(fmul.o)
    0x080048d6   0x0000008c   Code   RO          670    x$fpl$fnaninf       fz_ws.l(fnaninf.o)
    0x08004962   0x0000000a   Code   RO          672    x$fpl$fretinf       fz_ws.l(fretinf.o)
    0x0800496c   0x00000014   Code   RO          629    x$fpl$frsb          fz_ws.l(faddsub_clz.o)
    0x08004980   0x000000ea   Code   RO          630    x$fpl$fsub          fz_ws.l(faddsub_clz.o)
    0x08004a6a   0x00000000   Code   RO          674    x$fpl$usenofp       fz_ws.l(usenofp.o)
    0x08004a6a   0x00000002   PAD
    0x08004a6c   0x00000020   Data   RO          833    Region$$Table       anon$$obj.o


    Execution Region ER_RW (Base: 0x20000000, Size: 0x00000080, Max: 0xffffffff, ABSOLUTE)

    Base Addr    Size         Type   Attr      Idx    E Section Name        Object

    0x20000000   0x00000014   Data   RW           18    .data               system_stm32f10x.o
    0x20000014   0x00000010   Data   RW          193    .data               tim.o
    0x20000024   0x0000000a   Data   RW          222    .data               nrf24l01.o
    0x2000002e   0x00000002   PAD
    0x20000030   0x0000000b   Data   RW          265    .data               uart1.o
    0x2000003b   0x00000004   Data   RW          304    .data               key.o
    0x2000003f   0x00000001   PAD
    0x20000040   0x00000010   Data   RW          331    .data               initio.o
    0x20000050   0x00000008   Data   RW          362    .data               stm32f10x_it.o
    0x20000058   0x00000001   Data   RW          380    .data               sys_fun.o
    0x20000059   0x00000014   Data   RW          446    .data               stm32f10x_rcc.o
    0x2000006d   0x00000001   PAD
    0x2000006e   0x00000011   Data   RW          547    .data               commuav.o


    Execution Region ER_ZI (Base: 0x20000080, Size: 0x00000c08, Max: 0xffffffff, ABSOLUTE)

    Base Addr    Size         Type   Attr      Idx    E Section Name        Object

    0x20000080   0x00000080   Zero   RW          221    .bss                nrf24l01.o
    0x20000100   0x00000400   Zero   RW          249    .bss                stmflash.o
    0x20000500   0x00000118   Zero   RW          264    .bss                uart1.o
    0x20000618   0x00000010   Zero   RW          398    .bss                configtable.o
    0x20000628   0x00000060   Zero   RW          711    .bss                c_w.l(libspace.o)
    0x20000688   0x00000200   Zero   RW           88    HEAP                startup_stm32f10x_md.o
    0x20000888   0x00000400   Zero   RW           87    STACK               startup_stm32f10x_md.o


==============================================================================

Image component sizes


      Code (inc. data)   RO Data    RW Data    ZI Data      Debug   Object Name

       624         48          0          0          0       1340   adc.o
       168         16          0         17          0       1364   commuav.o
       248         16          0          0         16       2292   configtable.o
       568         18          0          0          0        661   control.o
         0          0          0          0          0       4524   core_cm3.o
        58          0          0          0          0     206068   delay.o
       320         24          0         16          0       1132   initio.o
       408         32          0          4          0       1630   key.o
       296         56          0          0          0      15782   main.o
       220         22          0          0          0       1657   misc.o
       508         18          0         10        128       3595   nrf24l01.o
       248          8          0          0          0        791   spi.o
        64         26        236          0       1536        768   startup_stm32f10x_md.o
       284         10          0          0          0       2119   stm32f10x_exti.o
       860         38          0          0          0       5593   stm32f10x_gpio.o
       172         12          0          8          0       2449   stm32f10x_it.o
       932         36          0         20          0       8724   stm32f10x_rcc.o
       780         14          0          0          0       6474   stm32f10x_spi.o
      3610         88          0          0          0      22704   stm32f10x_tim.o
      1032         22          0          0          0       8316   stm32f10x_usart.o
       572         20          0          0       1024       3867   stmflash.o
       372         20          0          1          0       1360   sys_fun.o
       476         38          0         20          0      51819   system_stm32f10x.o
       284         38          0         16          0       1424   tim.o
       708         58          0         11        280       5454   uart1.o

    ----------------------------------------------------------------------
     13816        678        268        128       2984     361907   Object Totals
         0          0         32          0          0          0   (incl. Generated)
         4          0          0          5          0          0   (incl. Padding)

    ----------------------------------------------------------------------

      Code (inc. data)   RO Data    RW Data    ZI Data      Debug   Library Member Name

         8          0          0          0          0         68   __main.o
       104          0          0          0          0         84   __printf.o
         0          0          0          0          0          0   __rtentry.o
        12          0          0          0          0          0   __rtentry2.o
         6          0          0          0          0          0   __rtentry4.o
        52          8          0          0          0          0   __scatter.o
        26          0          0          0          0          0   __scatter_copy.o
        28          0          0          0          0          0   __scatter_zi.o
        48          6          0          0          0         96   _printf_char_common.o
        36          4          0          0          0         80   _printf_char_file.o
         6          0          0          0          0          0   _printf_d.o
       120         16          0          0          0         92   _printf_dec.o
       178          0          0          0          0         88   _printf_intcommon.o
         0          0          0          0          0          0   _printf_percent.o
         4          0          0          0          0          0   _printf_percent_end.o
        18          0          0          0          0         80   exit.o
         8          0          0          0          0         68   ferror.o
         6          0          0          0          0        152   heapauxi.o
         2          0          0          0          0          0   libinit.o
         2          0          0          0          0          0   libinit2.o
         2          0          0          0          0          0   libshutdown.o
         2          0          0          0          0          0   libshutdown2.o
         8          4          0          0         96         68   libspace.o
        24          4          0          0          0         84   noretval__2printf.o
       138          0          0          0          0         68   rt_memcpy_v6.o
       100          0          0          0          0         80   rt_memcpy_w.o
         2          0          0          0          0          0   rtexit.o
        10          0          0          0          0          0   rtexit2.o
        74          0          0          0          0         80   sys_stackheap_outer.o
         2          0          0          0          0         68   use_no_semi.o
         2          0          0          0          0         68   use_no_semi_2.o
        98          4          0          0          0         92   d2f.o
       826         16          0          0          0        348   daddsub_clz.o
        24          0          0          0          0         68   dcmpi.o
       688        140          0          0          0        208   ddiv.o
        46          0          0          0          0         68   dflt_clz.o
       120          4          0          0          0         92   dleqf.o
       340         12          0          0          0        104   dmul.o
       156          4          0          0          0         92   dnaninf.o
        12          0          0          0          0         68   dretinf.o
       108          0          0          0          0         80   drleqf.o
        86          4          0          0          0         84   f2d.o
       450          8          0          0          0        236   faddsub_clz.o
       388         76          0          0          0         96   fdiv.o
        54          4          0          0          0         84   ffix.o
        62          4          0          0          0         84   ffixu.o
        86          0          0          0          0        136   fflt_clz.o
       258          4          0          0          0         84   fmul.o
       140          4          0          0          0         84   fnaninf.o
        10          0          0          0          0         68   fretinf.o
         0          0          0          0          0          0   usenofp.o

    ----------------------------------------------------------------------
      5000        326          0          0         96       3500   Library Totals
        20          0          0          0          0          0   (incl. Padding)

    ----------------------------------------------------------------------

      Code (inc. data)   RO Data    RW Data    ZI Data      Debug   Library Name

      1028         42          0          0         96       1324   c_w.l
      3952        284          0          0          0       2176   fz_ws.l

    ----------------------------------------------------------------------
      5000        326          0          0         96       3500   Library Totals

    ----------------------------------------------------------------------

==============================================================================


      Code (inc. data)   RO Data    RW Data    ZI Data      Debug   

     18816       1004        268        128       3080     361243   Grand Totals
     18816       1004        268        128       3080     361243   ELF Image Totals
     18816       1004        268        128          0          0   ROM Totals

==============================================================================

    Total RO  Size (Code + RO Data)                19084 (  18.64kB)
    Total RW  Size (RW Data + ZI Data)              3208 (   3.13kB)
    Total ROM Size (Code + RO Data + RW Data)      19212 (  18.76kB)

==============================================================================

